Archive member included to satisfy reference by file (symbol)

c:/program files/atmel/studio/7.0/toolchain/avr8/avr8-gnu-toolchain/bin/../lib/gcc/avr/4.9.2/../../../../avr/lib/avr5\libm.a(addsf3.o)
                              EADOGL128.o (__addsf3)
c:/program files/atmel/studio/7.0/toolchain/avr8/avr8-gnu-toolchain/bin/../lib/gcc/avr/4.9.2/../../../../avr/lib/avr5\libm.a(addsf3x.o)
                              c:/program files/atmel/studio/7.0/toolchain/avr8/avr8-gnu-toolchain/bin/../lib/gcc/avr/4.9.2/../../../../avr/lib/avr5\libm.a(addsf3.o) (__addsf3x)
c:/program files/atmel/studio/7.0/toolchain/avr8/avr8-gnu-toolchain/bin/../lib/gcc/avr/4.9.2/../../../../avr/lib/avr5\libm.a(cmpsf2.o)
                              EADOGL128.o (__ltsf2)
c:/program files/atmel/studio/7.0/toolchain/avr8/avr8-gnu-toolchain/bin/../lib/gcc/avr/4.9.2/../../../../avr/lib/avr5\libm.a(fp_cmp.o)
                              c:/program files/atmel/studio/7.0/toolchain/avr8/avr8-gnu-toolchain/bin/../lib/gcc/avr/4.9.2/../../../../avr/lib/avr5\libm.a(cmpsf2.o) (__fp_cmp)
c:/program files/atmel/studio/7.0/toolchain/avr8/avr8-gnu-toolchain/bin/../lib/gcc/avr/4.9.2/../../../../avr/lib/avr5\libm.a(fp_inf.o)
                              c:/program files/atmel/studio/7.0/toolchain/avr8/avr8-gnu-toolchain/bin/../lib/gcc/avr/4.9.2/../../../../avr/lib/avr5\libm.a(addsf3x.o) (__fp_inf)
c:/program files/atmel/studio/7.0/toolchain/avr8/avr8-gnu-toolchain/bin/../lib/gcc/avr/4.9.2/../../../../avr/lib/avr5\libm.a(fp_nan.o)
                              c:/program files/atmel/studio/7.0/toolchain/avr8/avr8-gnu-toolchain/bin/../lib/gcc/avr/4.9.2/../../../../avr/lib/avr5\libm.a(addsf3x.o) (__fp_nan)
c:/program files/atmel/studio/7.0/toolchain/avr8/avr8-gnu-toolchain/bin/../lib/gcc/avr/4.9.2/../../../../avr/lib/avr5\libm.a(fp_pscA.o)
                              c:/program files/atmel/studio/7.0/toolchain/avr8/avr8-gnu-toolchain/bin/../lib/gcc/avr/4.9.2/../../../../avr/lib/avr5\libm.a(addsf3x.o) (__fp_pscA)
c:/program files/atmel/studio/7.0/toolchain/avr8/avr8-gnu-toolchain/bin/../lib/gcc/avr/4.9.2/../../../../avr/lib/avr5\libm.a(fp_pscB.o)
                              c:/program files/atmel/studio/7.0/toolchain/avr8/avr8-gnu-toolchain/bin/../lib/gcc/avr/4.9.2/../../../../avr/lib/avr5\libm.a(addsf3x.o) (__fp_pscB)
c:/program files/atmel/studio/7.0/toolchain/avr8/avr8-gnu-toolchain/bin/../lib/gcc/avr/4.9.2/../../../../avr/lib/avr5\libm.a(fp_round.o)
                              c:/program files/atmel/studio/7.0/toolchain/avr8/avr8-gnu-toolchain/bin/../lib/gcc/avr/4.9.2/../../../../avr/lib/avr5\libm.a(addsf3.o) (__fp_round)
c:/program files/atmel/studio/7.0/toolchain/avr8/avr8-gnu-toolchain/bin/../lib/gcc/avr/4.9.2/../../../../avr/lib/avr5\libm.a(fp_split3.o)
                              c:/program files/atmel/studio/7.0/toolchain/avr8/avr8-gnu-toolchain/bin/../lib/gcc/avr/4.9.2/../../../../avr/lib/avr5\libm.a(addsf3x.o) (__fp_split3)
c:/program files/atmel/studio/7.0/toolchain/avr8/avr8-gnu-toolchain/bin/../lib/gcc/avr/4.9.2/../../../../avr/lib/avr5\libm.a(fp_zero.o)
                              c:/program files/atmel/studio/7.0/toolchain/avr8/avr8-gnu-toolchain/bin/../lib/gcc/avr/4.9.2/../../../../avr/lib/avr5\libm.a(addsf3x.o) (__fp_zero)
c:/program files/atmel/studio/7.0/toolchain/avr8/avr8-gnu-toolchain/bin/../lib/gcc/avr/4.9.2/../../../../avr/lib/avr5\libm.a(gesf2.o)
                              EADOGL128.o (__gesf2)
c:/program files/atmel/studio/7.0/toolchain/avr8/avr8-gnu-toolchain/bin/../lib/gcc/avr/4.9.2/avr5\libgcc.a(_divmodhi4.o)
                              EADOGL128.o (__divmodhi4)
c:/program files/atmel/studio/7.0/toolchain/avr8/avr8-gnu-toolchain/bin/../lib/gcc/avr/4.9.2/avr5\libgcc.a(_exit.o)
                              C:/Program Files/Atmel/Studio/7.0/Packs/atmel/ATmega_DFP/1.0.90/gcc/dev/atmega328p/avr5/crtatmega328p.o (exit)
c:/program files/atmel/studio/7.0/toolchain/avr8/avr8-gnu-toolchain/bin/../lib/gcc/avr/4.9.2/avr5\libgcc.a(_copy_data.o)
                              EADOGL128.o (__do_copy_data)
c:/program files/atmel/studio/7.0/toolchain/avr8/avr8-gnu-toolchain/bin/../lib/gcc/avr/4.9.2/avr5\libgcc.a(_clear_bss.o)
                              EADOGL128.o (__do_clear_bss)
c:/program files/atmel/studio/7.0/toolchain/avr8/avr8-gnu-toolchain/bin/../lib/gcc/avr/4.9.2/avr5\libgcc.a(_udivmodhi4.o)
                              c:/program files/atmel/studio/7.0/toolchain/avr8/avr8-gnu-toolchain/bin/../lib/gcc/avr/4.9.2/avr5\libgcc.a(_divmodhi4.o) (__udivmodhi4)

Allocating common symbols
Common symbol       size              file

hakenSymb           0x22              EADOGL128.o
herzSymb            0x20              EADOGL128.o
herzKleinOffenSymb  0xa               EADOGL128.o
light_sec_off       0x2               EADOGL128.o
herzKleinSymb       0xa               EADOGL128.o
pixelMatrix         0x400             EADOGL128.o

Discarded input sections

 .data          0x00000000        0x0 C:/Program Files/Atmel/Studio/7.0/Packs/atmel/ATmega_DFP/1.0.90/gcc/dev/atmega328p/avr5/crtatmega328p.o
 .bss           0x00000000        0x0 C:/Program Files/Atmel/Studio/7.0/Packs/atmel/ATmega_DFP/1.0.90/gcc/dev/atmega328p/avr5/crtatmega328p.o
 .text          0x00000000        0x0 EADOGL128.o
 .data          0x00000000        0x0 EADOGL128.o
 .bss           0x00000000        0x0 EADOGL128.o
 .text.stop_btnPress
                0x00000000        0x4 EADOGL128.o
 .text.charArraySize
                0x00000000        0x6 EADOGL128.o
 .bss.test      0x00000000        0x2 EADOGL128.o
 .bss.volumeChange
                0x00000000        0x2 EADOGL128.o
 .data.increment
                0x00000000        0x1 EADOGL128.o
 .bss.alarmXPos
                0x00000000        0x2 EADOGL128.o
 .bss.cnt       0x00000000        0x2 EADOGL128.o
 .text          0x00000000        0x0 c:/program files/atmel/studio/7.0/toolchain/avr8/avr8-gnu-toolchain/bin/../lib/gcc/avr/4.9.2/../../../../avr/lib/avr5\libm.a(addsf3.o)
 .data          0x00000000        0x0 c:/program files/atmel/studio/7.0/toolchain/avr8/avr8-gnu-toolchain/bin/../lib/gcc/avr/4.9.2/../../../../avr/lib/avr5\libm.a(addsf3.o)
 .bss           0x00000000        0x0 c:/program files/atmel/studio/7.0/toolchain/avr8/avr8-gnu-toolchain/bin/../lib/gcc/avr/4.9.2/../../../../avr/lib/avr5\libm.a(addsf3.o)
 .text          0x00000000        0x0 c:/program files/atmel/studio/7.0/toolchain/avr8/avr8-gnu-toolchain/bin/../lib/gcc/avr/4.9.2/../../../../avr/lib/avr5\libm.a(addsf3x.o)
 .data          0x00000000        0x0 c:/program files/atmel/studio/7.0/toolchain/avr8/avr8-gnu-toolchain/bin/../lib/gcc/avr/4.9.2/../../../../avr/lib/avr5\libm.a(addsf3x.o)
 .bss           0x00000000        0x0 c:/program files/atmel/studio/7.0/toolchain/avr8/avr8-gnu-toolchain/bin/../lib/gcc/avr/4.9.2/../../../../avr/lib/avr5\libm.a(addsf3x.o)
 .text          0x00000000        0x0 c:/program files/atmel/studio/7.0/toolchain/avr8/avr8-gnu-toolchain/bin/../lib/gcc/avr/4.9.2/../../../../avr/lib/avr5\libm.a(cmpsf2.o)
 .data          0x00000000        0x0 c:/program files/atmel/studio/7.0/toolchain/avr8/avr8-gnu-toolchain/bin/../lib/gcc/avr/4.9.2/../../../../avr/lib/avr5\libm.a(cmpsf2.o)
 .bss           0x00000000        0x0 c:/program files/atmel/studio/7.0/toolchain/avr8/avr8-gnu-toolchain/bin/../lib/gcc/avr/4.9.2/../../../../avr/lib/avr5\libm.a(cmpsf2.o)
 .text          0x00000000        0x0 c:/program files/atmel/studio/7.0/toolchain/avr8/avr8-gnu-toolchain/bin/../lib/gcc/avr/4.9.2/../../../../avr/lib/avr5\libm.a(fp_cmp.o)
 .data          0x00000000        0x0 c:/program files/atmel/studio/7.0/toolchain/avr8/avr8-gnu-toolchain/bin/../lib/gcc/avr/4.9.2/../../../../avr/lib/avr5\libm.a(fp_cmp.o)
 .bss           0x00000000        0x0 c:/program files/atmel/studio/7.0/toolchain/avr8/avr8-gnu-toolchain/bin/../lib/gcc/avr/4.9.2/../../../../avr/lib/avr5\libm.a(fp_cmp.o)
 .text          0x00000000        0x0 c:/program files/atmel/studio/7.0/toolchain/avr8/avr8-gnu-toolchain/bin/../lib/gcc/avr/4.9.2/../../../../avr/lib/avr5\libm.a(fp_inf.o)
 .data          0x00000000        0x0 c:/program files/atmel/studio/7.0/toolchain/avr8/avr8-gnu-toolchain/bin/../lib/gcc/avr/4.9.2/../../../../avr/lib/avr5\libm.a(fp_inf.o)
 .bss           0x00000000        0x0 c:/program files/atmel/studio/7.0/toolchain/avr8/avr8-gnu-toolchain/bin/../lib/gcc/avr/4.9.2/../../../../avr/lib/avr5\libm.a(fp_inf.o)
 .text          0x00000000        0x0 c:/program files/atmel/studio/7.0/toolchain/avr8/avr8-gnu-toolchain/bin/../lib/gcc/avr/4.9.2/../../../../avr/lib/avr5\libm.a(fp_nan.o)
 .data          0x00000000        0x0 c:/program files/atmel/studio/7.0/toolchain/avr8/avr8-gnu-toolchain/bin/../lib/gcc/avr/4.9.2/../../../../avr/lib/avr5\libm.a(fp_nan.o)
 .bss           0x00000000        0x0 c:/program files/atmel/studio/7.0/toolchain/avr8/avr8-gnu-toolchain/bin/../lib/gcc/avr/4.9.2/../../../../avr/lib/avr5\libm.a(fp_nan.o)
 .text          0x00000000        0x0 c:/program files/atmel/studio/7.0/toolchain/avr8/avr8-gnu-toolchain/bin/../lib/gcc/avr/4.9.2/../../../../avr/lib/avr5\libm.a(fp_pscA.o)
 .data          0x00000000        0x0 c:/program files/atmel/studio/7.0/toolchain/avr8/avr8-gnu-toolchain/bin/../lib/gcc/avr/4.9.2/../../../../avr/lib/avr5\libm.a(fp_pscA.o)
 .bss           0x00000000        0x0 c:/program files/atmel/studio/7.0/toolchain/avr8/avr8-gnu-toolchain/bin/../lib/gcc/avr/4.9.2/../../../../avr/lib/avr5\libm.a(fp_pscA.o)
 .text          0x00000000        0x0 c:/program files/atmel/studio/7.0/toolchain/avr8/avr8-gnu-toolchain/bin/../lib/gcc/avr/4.9.2/../../../../avr/lib/avr5\libm.a(fp_pscB.o)
 .data          0x00000000        0x0 c:/program files/atmel/studio/7.0/toolchain/avr8/avr8-gnu-toolchain/bin/../lib/gcc/avr/4.9.2/../../../../avr/lib/avr5\libm.a(fp_pscB.o)
 .bss           0x00000000        0x0 c:/program files/atmel/studio/7.0/toolchain/avr8/avr8-gnu-toolchain/bin/../lib/gcc/avr/4.9.2/../../../../avr/lib/avr5\libm.a(fp_pscB.o)
 .text          0x00000000        0x0 c:/program files/atmel/studio/7.0/toolchain/avr8/avr8-gnu-toolchain/bin/../lib/gcc/avr/4.9.2/../../../../avr/lib/avr5\libm.a(fp_round.o)
 .data          0x00000000        0x0 c:/program files/atmel/studio/7.0/toolchain/avr8/avr8-gnu-toolchain/bin/../lib/gcc/avr/4.9.2/../../../../avr/lib/avr5\libm.a(fp_round.o)
 .bss           0x00000000        0x0 c:/program files/atmel/studio/7.0/toolchain/avr8/avr8-gnu-toolchain/bin/../lib/gcc/avr/4.9.2/../../../../avr/lib/avr5\libm.a(fp_round.o)
 .text          0x00000000        0x0 c:/program files/atmel/studio/7.0/toolchain/avr8/avr8-gnu-toolchain/bin/../lib/gcc/avr/4.9.2/../../../../avr/lib/avr5\libm.a(fp_split3.o)
 .data          0x00000000        0x0 c:/program files/atmel/studio/7.0/toolchain/avr8/avr8-gnu-toolchain/bin/../lib/gcc/avr/4.9.2/../../../../avr/lib/avr5\libm.a(fp_split3.o)
 .bss           0x00000000        0x0 c:/program files/atmel/studio/7.0/toolchain/avr8/avr8-gnu-toolchain/bin/../lib/gcc/avr/4.9.2/../../../../avr/lib/avr5\libm.a(fp_split3.o)
 .text          0x00000000        0x0 c:/program files/atmel/studio/7.0/toolchain/avr8/avr8-gnu-toolchain/bin/../lib/gcc/avr/4.9.2/../../../../avr/lib/avr5\libm.a(fp_zero.o)
 .data          0x00000000        0x0 c:/program files/atmel/studio/7.0/toolchain/avr8/avr8-gnu-toolchain/bin/../lib/gcc/avr/4.9.2/../../../../avr/lib/avr5\libm.a(fp_zero.o)
 .bss           0x00000000        0x0 c:/program files/atmel/studio/7.0/toolchain/avr8/avr8-gnu-toolchain/bin/../lib/gcc/avr/4.9.2/../../../../avr/lib/avr5\libm.a(fp_zero.o)
 .text          0x00000000        0x0 c:/program files/atmel/studio/7.0/toolchain/avr8/avr8-gnu-toolchain/bin/../lib/gcc/avr/4.9.2/../../../../avr/lib/avr5\libm.a(gesf2.o)
 .data          0x00000000        0x0 c:/program files/atmel/studio/7.0/toolchain/avr8/avr8-gnu-toolchain/bin/../lib/gcc/avr/4.9.2/../../../../avr/lib/avr5\libm.a(gesf2.o)
 .bss           0x00000000        0x0 c:/program files/atmel/studio/7.0/toolchain/avr8/avr8-gnu-toolchain/bin/../lib/gcc/avr/4.9.2/../../../../avr/lib/avr5\libm.a(gesf2.o)
 .text          0x00000000        0x0 c:/program files/atmel/studio/7.0/toolchain/avr8/avr8-gnu-toolchain/bin/../lib/gcc/avr/4.9.2/avr5\libgcc.a(_divmodhi4.o)
 .data          0x00000000        0x0 c:/program files/atmel/studio/7.0/toolchain/avr8/avr8-gnu-toolchain/bin/../lib/gcc/avr/4.9.2/avr5\libgcc.a(_divmodhi4.o)
 .bss           0x00000000        0x0 c:/program files/atmel/studio/7.0/toolchain/avr8/avr8-gnu-toolchain/bin/../lib/gcc/avr/4.9.2/avr5\libgcc.a(_divmodhi4.o)
 .text.libgcc.mul
                0x00000000        0x0 c:/program files/atmel/studio/7.0/toolchain/avr8/avr8-gnu-toolchain/bin/../lib/gcc/avr/4.9.2/avr5\libgcc.a(_divmodhi4.o)
 .text.libgcc   0x00000000        0x0 c:/program files/atmel/studio/7.0/toolchain/avr8/avr8-gnu-toolchain/bin/../lib/gcc/avr/4.9.2/avr5\libgcc.a(_divmodhi4.o)
 .text.libgcc.prologue
                0x00000000        0x0 c:/program files/atmel/studio/7.0/toolchain/avr8/avr8-gnu-toolchain/bin/../lib/gcc/avr/4.9.2/avr5\libgcc.a(_divmodhi4.o)
 .text.libgcc.builtins
                0x00000000        0x0 c:/program files/atmel/studio/7.0/toolchain/avr8/avr8-gnu-toolchain/bin/../lib/gcc/avr/4.9.2/avr5\libgcc.a(_divmodhi4.o)
 .text.libgcc.fmul
                0x00000000        0x0 c:/program files/atmel/studio/7.0/toolchain/avr8/avr8-gnu-toolchain/bin/../lib/gcc/avr/4.9.2/avr5\libgcc.a(_divmodhi4.o)
 .text.libgcc.fixed
                0x00000000        0x0 c:/program files/atmel/studio/7.0/toolchain/avr8/avr8-gnu-toolchain/bin/../lib/gcc/avr/4.9.2/avr5\libgcc.a(_divmodhi4.o)
 .text          0x00000000        0x0 c:/program files/atmel/studio/7.0/toolchain/avr8/avr8-gnu-toolchain/bin/../lib/gcc/avr/4.9.2/avr5\libgcc.a(_exit.o)
 .data          0x00000000        0x0 c:/program files/atmel/studio/7.0/toolchain/avr8/avr8-gnu-toolchain/bin/../lib/gcc/avr/4.9.2/avr5\libgcc.a(_exit.o)
 .bss           0x00000000        0x0 c:/program files/atmel/studio/7.0/toolchain/avr8/avr8-gnu-toolchain/bin/../lib/gcc/avr/4.9.2/avr5\libgcc.a(_exit.o)
 .text.libgcc.mul
                0x00000000        0x0 c:/program files/atmel/studio/7.0/toolchain/avr8/avr8-gnu-toolchain/bin/../lib/gcc/avr/4.9.2/avr5\libgcc.a(_exit.o)
 .text.libgcc.div
                0x00000000        0x0 c:/program files/atmel/studio/7.0/toolchain/avr8/avr8-gnu-toolchain/bin/../lib/gcc/avr/4.9.2/avr5\libgcc.a(_exit.o)
 .text.libgcc   0x00000000        0x0 c:/program files/atmel/studio/7.0/toolchain/avr8/avr8-gnu-toolchain/bin/../lib/gcc/avr/4.9.2/avr5\libgcc.a(_exit.o)
 .text.libgcc.prologue
                0x00000000        0x0 c:/program files/atmel/studio/7.0/toolchain/avr8/avr8-gnu-toolchain/bin/../lib/gcc/avr/4.9.2/avr5\libgcc.a(_exit.o)
 .text.libgcc.builtins
                0x00000000        0x0 c:/program files/atmel/studio/7.0/toolchain/avr8/avr8-gnu-toolchain/bin/../lib/gcc/avr/4.9.2/avr5\libgcc.a(_exit.o)
 .text.libgcc.fmul
                0x00000000        0x0 c:/program files/atmel/studio/7.0/toolchain/avr8/avr8-gnu-toolchain/bin/../lib/gcc/avr/4.9.2/avr5\libgcc.a(_exit.o)
 .text.libgcc.fixed
                0x00000000        0x0 c:/program files/atmel/studio/7.0/toolchain/avr8/avr8-gnu-toolchain/bin/../lib/gcc/avr/4.9.2/avr5\libgcc.a(_exit.o)
 .text          0x00000000        0x0 c:/program files/atmel/studio/7.0/toolchain/avr8/avr8-gnu-toolchain/bin/../lib/gcc/avr/4.9.2/avr5\libgcc.a(_copy_data.o)
 .data          0x00000000        0x0 c:/program files/atmel/studio/7.0/toolchain/avr8/avr8-gnu-toolchain/bin/../lib/gcc/avr/4.9.2/avr5\libgcc.a(_copy_data.o)
 .bss           0x00000000        0x0 c:/program files/atmel/studio/7.0/toolchain/avr8/avr8-gnu-toolchain/bin/../lib/gcc/avr/4.9.2/avr5\libgcc.a(_copy_data.o)
 .text.libgcc.mul
                0x00000000        0x0 c:/program files/atmel/studio/7.0/toolchain/avr8/avr8-gnu-toolchain/bin/../lib/gcc/avr/4.9.2/avr5\libgcc.a(_copy_data.o)
 .text.libgcc.div
                0x00000000        0x0 c:/program files/atmel/studio/7.0/toolchain/avr8/avr8-gnu-toolchain/bin/../lib/gcc/avr/4.9.2/avr5\libgcc.a(_copy_data.o)
 .text.libgcc   0x00000000        0x0 c:/program files/atmel/studio/7.0/toolchain/avr8/avr8-gnu-toolchain/bin/../lib/gcc/avr/4.9.2/avr5\libgcc.a(_copy_data.o)
 .text.libgcc.prologue
                0x00000000        0x0 c:/program files/atmel/studio/7.0/toolchain/avr8/avr8-gnu-toolchain/bin/../lib/gcc/avr/4.9.2/avr5\libgcc.a(_copy_data.o)
 .text.libgcc.builtins
                0x00000000        0x0 c:/program files/atmel/studio/7.0/toolchain/avr8/avr8-gnu-toolchain/bin/../lib/gcc/avr/4.9.2/avr5\libgcc.a(_copy_data.o)
 .text.libgcc.fmul
                0x00000000        0x0 c:/program files/atmel/studio/7.0/toolchain/avr8/avr8-gnu-toolchain/bin/../lib/gcc/avr/4.9.2/avr5\libgcc.a(_copy_data.o)
 .text.libgcc.fixed
                0x00000000        0x0 c:/program files/atmel/studio/7.0/toolchain/avr8/avr8-gnu-toolchain/bin/../lib/gcc/avr/4.9.2/avr5\libgcc.a(_copy_data.o)
 .text          0x00000000        0x0 c:/program files/atmel/studio/7.0/toolchain/avr8/avr8-gnu-toolchain/bin/../lib/gcc/avr/4.9.2/avr5\libgcc.a(_clear_bss.o)
 .data          0x00000000        0x0 c:/program files/atmel/studio/7.0/toolchain/avr8/avr8-gnu-toolchain/bin/../lib/gcc/avr/4.9.2/avr5\libgcc.a(_clear_bss.o)
 .bss           0x00000000        0x0 c:/program files/atmel/studio/7.0/toolchain/avr8/avr8-gnu-toolchain/bin/../lib/gcc/avr/4.9.2/avr5\libgcc.a(_clear_bss.o)
 .text.libgcc.mul
                0x00000000        0x0 c:/program files/atmel/studio/7.0/toolchain/avr8/avr8-gnu-toolchain/bin/../lib/gcc/avr/4.9.2/avr5\libgcc.a(_clear_bss.o)
 .text.libgcc.div
                0x00000000        0x0 c:/program files/atmel/studio/7.0/toolchain/avr8/avr8-gnu-toolchain/bin/../lib/gcc/avr/4.9.2/avr5\libgcc.a(_clear_bss.o)
 .text.libgcc   0x00000000        0x0 c:/program files/atmel/studio/7.0/toolchain/avr8/avr8-gnu-toolchain/bin/../lib/gcc/avr/4.9.2/avr5\libgcc.a(_clear_bss.o)
 .text.libgcc.prologue
                0x00000000        0x0 c:/program files/atmel/studio/7.0/toolchain/avr8/avr8-gnu-toolchain/bin/../lib/gcc/avr/4.9.2/avr5\libgcc.a(_clear_bss.o)
 .text.libgcc.builtins
                0x00000000        0x0 c:/program files/atmel/studio/7.0/toolchain/avr8/avr8-gnu-toolchain/bin/../lib/gcc/avr/4.9.2/avr5\libgcc.a(_clear_bss.o)
 .text.libgcc.fmul
                0x00000000        0x0 c:/program files/atmel/studio/7.0/toolchain/avr8/avr8-gnu-toolchain/bin/../lib/gcc/avr/4.9.2/avr5\libgcc.a(_clear_bss.o)
 .text.libgcc.fixed
                0x00000000        0x0 c:/program files/atmel/studio/7.0/toolchain/avr8/avr8-gnu-toolchain/bin/../lib/gcc/avr/4.9.2/avr5\libgcc.a(_clear_bss.o)
 .text          0x00000000        0x0 c:/program files/atmel/studio/7.0/toolchain/avr8/avr8-gnu-toolchain/bin/../lib/gcc/avr/4.9.2/avr5\libgcc.a(_udivmodhi4.o)
 .data          0x00000000        0x0 c:/program files/atmel/studio/7.0/toolchain/avr8/avr8-gnu-toolchain/bin/../lib/gcc/avr/4.9.2/avr5\libgcc.a(_udivmodhi4.o)
 .bss           0x00000000        0x0 c:/program files/atmel/studio/7.0/toolchain/avr8/avr8-gnu-toolchain/bin/../lib/gcc/avr/4.9.2/avr5\libgcc.a(_udivmodhi4.o)
 .text.libgcc.mul
                0x00000000        0x0 c:/program files/atmel/studio/7.0/toolchain/avr8/avr8-gnu-toolchain/bin/../lib/gcc/avr/4.9.2/avr5\libgcc.a(_udivmodhi4.o)
 .text.libgcc   0x00000000        0x0 c:/program files/atmel/studio/7.0/toolchain/avr8/avr8-gnu-toolchain/bin/../lib/gcc/avr/4.9.2/avr5\libgcc.a(_udivmodhi4.o)
 .text.libgcc.prologue
                0x00000000        0x0 c:/program files/atmel/studio/7.0/toolchain/avr8/avr8-gnu-toolchain/bin/../lib/gcc/avr/4.9.2/avr5\libgcc.a(_udivmodhi4.o)
 .text.libgcc.builtins
                0x00000000        0x0 c:/program files/atmel/studio/7.0/toolchain/avr8/avr8-gnu-toolchain/bin/../lib/gcc/avr/4.9.2/avr5\libgcc.a(_udivmodhi4.o)
 .text.libgcc.fmul
                0x00000000        0x0 c:/program files/atmel/studio/7.0/toolchain/avr8/avr8-gnu-toolchain/bin/../lib/gcc/avr/4.9.2/avr5\libgcc.a(_udivmodhi4.o)
 .text.libgcc.fixed
                0x00000000        0x0 c:/program files/atmel/studio/7.0/toolchain/avr8/avr8-gnu-toolchain/bin/../lib/gcc/avr/4.9.2/avr5\libgcc.a(_udivmodhi4.o)

Memory Configuration

Name             Origin             Length             Attributes
text             0x00000000         0x00020000         xr
data             0x00800060         0x0000ffa0         rw !x
eeprom           0x00810000         0x00010000         rw !x
fuse             0x00820000         0x00000400         rw !x
lock             0x00830000         0x00000400         rw !x
signature        0x00840000         0x00000400         rw !x
user_signatures  0x00850000         0x00000400         rw !x
*default*        0x00000000         0xffffffff

Linker script and memory map

Address of section .data set to 0x800100
LOAD C:/Program Files/Atmel/Studio/7.0/Packs/atmel/ATmega_DFP/1.0.90/gcc/dev/atmega328p/avr5/crtatmega328p.o
LOAD EADOGL128.o
START GROUP
LOAD c:/program files/atmel/studio/7.0/toolchain/avr8/avr8-gnu-toolchain/bin/../lib/gcc/avr/4.9.2/../../../../avr/lib/avr5\libm.a
END GROUP
START GROUP
LOAD c:/program files/atmel/studio/7.0/toolchain/avr8/avr8-gnu-toolchain/bin/../lib/gcc/avr/4.9.2/avr5\libgcc.a
LOAD c:/program files/atmel/studio/7.0/toolchain/avr8/avr8-gnu-toolchain/bin/../lib/gcc/avr/4.9.2/../../../../avr/lib/avr5\libm.a
LOAD c:/program files/atmel/studio/7.0/toolchain/avr8/avr8-gnu-toolchain/bin/../lib/gcc/avr/4.9.2/../../../../avr/lib/avr5\libc.a
LOAD C:/Program Files/Atmel/Studio/7.0/Packs/atmel/ATmega_DFP/1.0.90/gcc/dev/atmega328p/avr5\libatmega328p.a
END GROUP

.hash
 *(.hash)

.dynsym
 *(.dynsym)

.dynstr
 *(.dynstr)

.gnu.version
 *(.gnu.version)

.gnu.version_d
 *(.gnu.version_d)

.gnu.version_r
 *(.gnu.version_r)

.rel.init
 *(.rel.init)

.rela.init
 *(.rela.init)

.rel.text
 *(.rel.text)
 *(.rel.text.*)
 *(.rel.gnu.linkonce.t*)

.rela.text
 *(.rela.text)
 *(.rela.text.*)
 *(.rela.gnu.linkonce.t*)

.rel.fini
 *(.rel.fini)

.rela.fini
 *(.rela.fini)

.rel.rodata
 *(.rel.rodata)
 *(.rel.rodata.*)
 *(.rel.gnu.linkonce.r*)

.rela.rodata
 *(.rela.rodata)
 *(.rela.rodata.*)
 *(.rela.gnu.linkonce.r*)

.rel.data
 *(.rel.data)
 *(.rel.data.*)
 *(.rel.gnu.linkonce.d*)

.rela.data
 *(.rela.data)
 *(.rela.data.*)
 *(.rela.gnu.linkonce.d*)

.rel.ctors
 *(.rel.ctors)

.rela.ctors
 *(.rela.ctors)

.rel.dtors
 *(.rel.dtors)

.rela.dtors
 *(.rela.dtors)

.rel.got
 *(.rel.got)

.rela.got
 *(.rela.got)

.rel.bss
 *(.rel.bss)

.rela.bss
 *(.rela.bss)

.rel.plt
 *(.rel.plt)

.rela.plt
 *(.rela.plt)

.text           0x00000000     0x4532
 *(.vectors)
 .vectors       0x00000000       0x68 C:/Program Files/Atmel/Studio/7.0/Packs/atmel/ATmega_DFP/1.0.90/gcc/dev/atmega328p/avr5/crtatmega328p.o
                0x00000000                __vector_default
                0x00000000                __vectors
 *(.vectors)
 *(.progmem.gcc*)
                0x00000068                . = ALIGN (0x2)
                0x00000068                __trampolines_start = .
 *(.trampolines)
 .trampolines   0x00000068        0x0 linker stubs
 *(.trampolines*)
                0x00000068                __trampolines_end = .
 *(.progmem*)
 .progmem.data.timeDot
                0x00000068       0x14 EADOGL128.o
                0x00000068                timeDot
 .progmem.data.daysPerMonth
                0x0000007c        0xc EADOGL128.o
                0x0000007c                daysPerMonth
 .progmem.data.months
                0x00000088       0xd8 EADOGL128.o
                0x00000088                months
 .progmem.data.alphaWidth
                0x00000160       0x38 EADOGL128.o
                0x00000160                alphaWidth
 .progmem.data.bigNumberWidth
                0x00000198        0xa EADOGL128.o
                0x00000198                bigNumberWidth
 .progmem.data.bigNumber
                0x000001a2      0x320 EADOGL128.o
                0x000001a2                bigNumber
 .progmem.data.smallNumberWidth
                0x000004c2        0xa EADOGL128.o
                0x000004c2                smallNumberWidth
 .progmem.data.smallNumber
                0x000004cc       0xc8 EADOGL128.o
                0x000004cc                smallNumber
 .progmem.data.alphabet
                0x00000594      0x7e0 EADOGL128.o
                0x00000594                alphabet
 .progmem.data.snooze
                0x00000d74       0x1c EADOGL128.o
                0x00000d74                snooze
 .progmem.data.speaker
                0x00000d90       0x5d EADOGL128.o
                0x00000d90                speaker
 .progmem.data.rose
                0x00000ded       0x5a EADOGL128.o
                0x00000ded                rose
 .progmem.data.herzKleinOffen
                0x00000e47        0xa EADOGL128.o
                0x00000e47                herzKleinOffen
 .progmem.data.herzKlein
                0x00000e51        0xa EADOGL128.o
                0x00000e51                herzKlein
 .progmem.data.herz
                0x00000e5b       0x20 EADOGL128.o
                0x00000e5b                herz
 .progmem.data.haken
                0x00000e7b       0x22 EADOGL128.o
                0x00000e7b                haken
 .progmem.data.note
                0x00000e9d       0x12 EADOGL128.o
                0x00000e9d                note
                0x00000eb0                . = ALIGN (0x2)
 *fill*         0x00000eaf        0x1 
 *(.jumptables)
 *(.jumptables*)
 *(.lowtext)
 *(.lowtext*)
                0x00000eb0                __ctors_start = .
 *(.ctors)
                0x00000eb0                __ctors_end = .
                0x00000eb0                __dtors_start = .
 *(.dtors)
                0x00000eb0                __dtors_end = .
 SORT(*)(.ctors)
 SORT(*)(.dtors)
 *(.init0)
 .init0         0x00000eb0        0x0 C:/Program Files/Atmel/Studio/7.0/Packs/atmel/ATmega_DFP/1.0.90/gcc/dev/atmega328p/avr5/crtatmega328p.o
                0x00000eb0                __init
 *(.init0)
 *(.init1)
 *(.init1)
 *(.init2)
 .init2         0x00000eb0        0xc C:/Program Files/Atmel/Studio/7.0/Packs/atmel/ATmega_DFP/1.0.90/gcc/dev/atmega328p/avr5/crtatmega328p.o
 *(.init2)
 *(.init3)
 *(.init3)
 *(.init4)
 .init4         0x00000ebc       0x16 c:/program files/atmel/studio/7.0/toolchain/avr8/avr8-gnu-toolchain/bin/../lib/gcc/avr/4.9.2/avr5\libgcc.a(_copy_data.o)
                0x00000ebc                __do_copy_data
 .init4         0x00000ed2       0x10 c:/program files/atmel/studio/7.0/toolchain/avr8/avr8-gnu-toolchain/bin/../lib/gcc/avr/4.9.2/avr5\libgcc.a(_clear_bss.o)
                0x00000ed2                __do_clear_bss
 *(.init4)
 *(.init5)
 *(.init5)
 *(.init6)
 *(.init6)
 *(.init7)
 *(.init7)
 *(.init8)
 *(.init8)
 *(.init9)
 .init9         0x00000ee2        0x8 C:/Program Files/Atmel/Studio/7.0/Packs/atmel/ATmega_DFP/1.0.90/gcc/dev/atmega328p/avr5/crtatmega328p.o
 *(.init9)
 *(.text)
 .text          0x00000eea        0x4 C:/Program Files/Atmel/Studio/7.0/Packs/atmel/ATmega_DFP/1.0.90/gcc/dev/atmega328p/avr5/crtatmega328p.o
                0x00000eea                __vector_22
                0x00000eea                __vector_1
                0x00000eea                __vector_24
                0x00000eea                __vector_12
                0x00000eea                __bad_interrupt
                0x00000eea                __vector_6
                0x00000eea                __vector_23
                0x00000eea                __vector_25
                0x00000eea                __vector_11
                0x00000eea                __vector_13
                0x00000eea                __vector_17
                0x00000eea                __vector_19
                0x00000eea                __vector_7
                0x00000eea                __vector_4
                0x00000eea                __vector_2
                0x00000eea                __vector_21
                0x00000eea                __vector_15
                0x00000eea                __vector_8
                0x00000eea                __vector_14
                0x00000eea                __vector_10
                0x00000eea                __vector_18
                0x00000eea                __vector_20
                0x00000eee                . = ALIGN (0x2)
 *(.text.*)
 .text.sendCmd  0x00000eee       0x20 EADOGL128.o
                0x00000eee                sendCmd
 .text.lcdInit  0x00000f0e       0x56 EADOGL128.o
                0x00000f0e                lcdInit
 .text.sendData
                0x00000f64        0xa EADOGL128.o
                0x00000f64                sendData
 .text.setColumn
                0x00000f6e       0x1a EADOGL128.o
                0x00000f6e                setColumn
 .text.setPage  0x00000f88        0x8 EADOGL128.o
                0x00000f88                setPage
 .text.clear_LCD
                0x00000f90       0x36 EADOGL128.o
                0x00000f90                clear_LCD
 .text.set_pixel
                0x00000fc6       0x46 EADOGL128.o
                0x00000fc6                set_pixel
 .text.reset_pixel
                0x0000100c       0x48 EADOGL128.o
                0x0000100c                reset_pixel
 .text.update_LCD
                0x00001054       0x5e EADOGL128.o
                0x00001054                update_LCD
 .text.print_symbol
                0x000010b2      0x128 EADOGL128.o
                0x000010b2                print_symbol
 .text.print_letter
                0x000011da       0xec EADOGL128.o
                0x000011da                print_letter
 .text.print_smallNumber
                0x000012c6      0x118 EADOGL128.o
                0x000012c6                print_smallNumber
 .text.print_bigNumber
                0x000013de      0x118 EADOGL128.o
                0x000013de                print_bigNumber
 .text.push_button
                0x000014f6       0x3e EADOGL128.o
                0x000014f6                push_button
 .text.amp_on   0x00001534       0x1a EADOGL128.o
                0x00001534                amp_on
 .text.mute_off
                0x0000154e        0x8 EADOGL128.o
                0x0000154e                mute_off
 .text.release_button
                0x00001556       0x3e EADOGL128.o
                0x00001556                release_button
 .text.amp_off  0x00001594        0x8 EADOGL128.o
                0x00001594                amp_off
 .text.mute_on  0x0000159c        0x8 EADOGL128.o
                0x0000159c                mute_on
 .text.boot_amp
                0x000015a4       0x20 EADOGL128.o
                0x000015a4                boot_amp
 .text.shutdown_amp
                0x000015c4       0x1c EADOGL128.o
                0x000015c4                shutdown_amp
 .text.mp3Player_onoff
                0x000015e0       0x32 EADOGL128.o
                0x000015e0                mp3Player_onoff
 .text.next_song
                0x00001612       0x32 EADOGL128.o
                0x00001612                next_song
 .text.play_pause
                0x00001644       0x32 EADOGL128.o
                0x00001644                play_pause
 .text.volume   0x00001676       0x56 EADOGL128.o
                0x00001676                volume
 .text.__vector_3
                0x000016cc       0x66 EADOGL128.o
                0x000016cc                __vector_3
 .text.__vector_5
                0x00001732       0x8c EADOGL128.o
                0x00001732                __vector_5
 .text.__vector_9
                0x000017be       0xaa EADOGL128.o
                0x000017be                __vector_9
 .text.__vector_16
                0x00001868       0x70 EADOGL128.o
                0x00001868                __vector_16
 .text.set_ports
                0x000018d8       0x2a EADOGL128.o
                0x000018d8                set_ports
 .text.configureTimerAndInterrupts
                0x00001902       0x4a EADOGL128.o
                0x00001902                configureTimerAndInterrupts
 .text.snooze_alarm
                0x0000194c       0x4e EADOGL128.o
                0x0000194c                snooze_alarm
 .text.remove_menuSelection
                0x0000199a       0x4e EADOGL128.o
                0x0000199a                remove_menuSelection
 .text.print_menuSelection
                0x000019e8       0x6e EADOGL128.o
                0x000019e8                print_menuSelection
 .text.print_ASCIIString
                0x00001a56       0x80 EADOGL128.o
                0x00001a56                print_ASCIIString
 .text.clear_pixelMatrix
                0x00001ad6       0x22 EADOGL128.o
                0x00001ad6                clear_pixelMatrix
 .text.start_btnPress
                0x00001af8       0x18 EADOGL128.o
                0x00001af8                start_btnPress
 .text.check_TimeUpdate
                0x00001b10       0x1c EADOGL128.o
                0x00001b10                check_TimeUpdate
 .text.reset_alarmLogo
                0x00001b2c       0x2c EADOGL128.o
                0x00001b2c                reset_alarmLogo
 .text.print_alarmLogo
                0x00001b58       0x66 EADOGL128.o
                0x00001b58                print_alarmLogo
 .text.reset_snoozeLogo
                0x00001bbe       0x2c EADOGL128.o
                0x00001bbe                reset_snoozeLogo
 .text.print_snoozeLogo
                0x00001bea       0x62 EADOGL128.o
                0x00001bea                print_snoozeLogo
 .text.print_timeDot
                0x00001c4c       0xde EADOGL128.o
                0x00001c4c                print_timeDot
 .text.get_timeWidth
                0x00001d2a       0x22 EADOGL128.o
                0x00001d2a                get_timeWidth
 .text.update_timeXPos
                0x00001d4c       0x4a EADOGL128.o
                0x00001d4c                update_timeXPos
 .text.print_hour
                0x00001d96       0x66 EADOGL128.o
                0x00001d96                print_hour
 .text.print_minute
                0x00001dfc       0x82 EADOGL128.o
                0x00001dfc                print_minute
 .text.print_time
                0x00001e7e       0x58 EADOGL128.o
                0x00001e7e                print_time
 .text.get_stringWidth
                0x00001ed6       0x3c EADOGL128.o
                0x00001ed6                get_stringWidth
 .text.print_month
                0x00001f12       0xce EADOGL128.o
                0x00001f12                print_month
 .text.print_day
                0x00001fe0       0x6a EADOGL128.o
                0x00001fe0                print_day
 .text.get_yearWidth
                0x0000204a       0x48 EADOGL128.o
                0x0000204a                get_yearWidth
 .text.get_yearXPos
                0x00002092       0x1c EADOGL128.o
                0x00002092                get_yearXPos
 .text.print_year
                0x000020ae       0xc2 EADOGL128.o
                0x000020ae                print_year
 .text.get_dayWidth
                0x00002170       0x4a EADOGL128.o
                0x00002170                get_dayWidth
 .text.get_monthWidth
                0x000021ba       0x56 EADOGL128.o
                0x000021ba                get_monthWidth
 .text.get_dateWidth
                0x00002210       0x1a EADOGL128.o
                0x00002210                get_dateWidth
 .text.get_dateXPos
                0x0000222a       0x1c EADOGL128.o
                0x0000222a                get_dateXPos
 .text.convertString
                0x00002246       0x90 EADOGL128.o
                0x00002246                convertString
 .text.print_menuItems
                0x000022d6      0x198 EADOGL128.o
                0x000022d6                print_menuItems
 .text.print_date
                0x0000246e      0x1e2 EADOGL128.o
                0x0000246e                print_date
 .text.print_stdDisplay
                0x00002650       0x22 EADOGL128.o
                0x00002650                print_stdDisplay
 .text.check_light
                0x00002672       0xd4 EADOGL128.o
                0x00002672                check_light
 .text.increment_date
                0x00002746       0xa2 EADOGL128.o
                0x00002746                increment_date
 .text.update_time
                0x000027e8       0xb0 EADOGL128.o
                0x000027e8                update_time
 .text.goodNight
                0x00002898       0x72 EADOGL128.o
                0x00002898                goodNight
 .text.wakeUp_User
                0x0000290a      0x1e0 EADOGL128.o
                0x0000290a                wakeUp_User
 .text.get_menuSelection
                0x00002aea       0xa4 EADOGL128.o
                0x00002aea                get_menuSelection
 .text.set_timeParameter
                0x00002b8e      0x1a2 EADOGL128.o
                0x00002b8e                set_timeParameter
 .text.set_time
                0x00002d30      0x424 EADOGL128.o
                0x00002d30                set_time
 .text.set_alarm
                0x00003154        0x8 EADOGL128.o
                0x00003154                set_alarm
 .text.set_day  0x0000315c      0x122 EADOGL128.o
                0x0000315c                set_day
 .text.set_month
                0x0000327e      0x136 EADOGL128.o
                0x0000327e                set_month
 .text.set_year
                0x000033b4      0x12e EADOGL128.o
                0x000033b4                set_year
 .text.set_date
                0x000034e2      0x40c EADOGL128.o
                0x000034e2                set_date
 .text.set_audio
                0x000038ee      0x2c0 EADOGL128.o
                0x000038ee                set_audio
 .text.boombox  0x00003bae       0xc2 EADOGL128.o
                0x00003bae                boombox
 .text.printSnoozetime
                0x00003c70       0xf6 EADOGL128.o
                0x00003c70                printSnoozetime
 .text.set_snoozeDuration
                0x00003d66      0x2be EADOGL128.o
                0x00003d66                set_snoozeDuration
 .text.show_mainMenu2
                0x00004024       0x80 EADOGL128.o
                0x00004024                show_mainMenu2
 .text.show_mainMenu
                0x000040a4       0x8c EADOGL128.o
                0x000040a4                show_mainMenu
 .text.main     0x00004130      0x1d6 EADOGL128.o
                0x00004130                main
 .text.avr-libc.fplib
                0x00004306        0xe c:/program files/atmel/studio/7.0/toolchain/avr8/avr8-gnu-toolchain/bin/../lib/gcc/avr/4.9.2/../../../../avr/lib/avr5\libm.a(addsf3.o)
                0x00004306                __subsf3
                0x00004308                __addsf3
 .text.avr-libc.fplib
                0x00004314       0xcc c:/program files/atmel/studio/7.0/toolchain/avr8/avr8-gnu-toolchain/bin/../lib/gcc/avr/4.9.2/../../../../avr/lib/avr5\libm.a(addsf3x.o)
                0x00004336                __addsf3x
 .text.avr-libc.fplib
                0x000043e0        0xa c:/program files/atmel/studio/7.0/toolchain/avr8/avr8-gnu-toolchain/bin/../lib/gcc/avr/4.9.2/../../../../avr/lib/avr5\libm.a(cmpsf2.o)
                0x000043e0                __nesf2
                0x000043e0                __eqsf2
                0x000043e0                __cmpsf2
                0x000043e0                __ltsf2
                0x000043e0                __lesf2
 .text.avr-libc.fplib
                0x000043ea       0x48 c:/program files/atmel/studio/7.0/toolchain/avr8/avr8-gnu-toolchain/bin/../lib/gcc/avr/4.9.2/../../../../avr/lib/avr5\libm.a(fp_cmp.o)
                0x000043ea                __fp_cmp
 .text.avr-libc.fplib
                0x00004432        0xc c:/program files/atmel/studio/7.0/toolchain/avr8/avr8-gnu-toolchain/bin/../lib/gcc/avr/4.9.2/../../../../avr/lib/avr5\libm.a(fp_inf.o)
                0x00004432                __fp_inf
 .text.avr-libc.fplib
                0x0000443e        0x6 c:/program files/atmel/studio/7.0/toolchain/avr8/avr8-gnu-toolchain/bin/../lib/gcc/avr/4.9.2/../../../../avr/lib/avr5\libm.a(fp_nan.o)
                0x0000443e                __fp_nan
 .text.avr-libc.fplib
                0x00004444        0xe c:/program files/atmel/studio/7.0/toolchain/avr8/avr8-gnu-toolchain/bin/../lib/gcc/avr/4.9.2/../../../../avr/lib/avr5\libm.a(fp_pscA.o)
                0x00004444                __fp_pscA
 .text.avr-libc.fplib
                0x00004452        0xe c:/program files/atmel/studio/7.0/toolchain/avr8/avr8-gnu-toolchain/bin/../lib/gcc/avr/4.9.2/../../../../avr/lib/avr5\libm.a(fp_pscB.o)
                0x00004452                __fp_pscB
 .text.avr-libc.fplib
                0x00004460       0x22 c:/program files/atmel/studio/7.0/toolchain/avr8/avr8-gnu-toolchain/bin/../lib/gcc/avr/4.9.2/../../../../avr/lib/avr5\libm.a(fp_round.o)
                0x00004460                __fp_round
 .text.avr-libc.fplib
                0x00004482       0x44 c:/program files/atmel/studio/7.0/toolchain/avr8/avr8-gnu-toolchain/bin/../lib/gcc/avr/4.9.2/../../../../avr/lib/avr5\libm.a(fp_split3.o)
                0x00004482                __fp_split3
                0x00004492                __fp_splitA
 .text.avr-libc.fplib
                0x000044c6        0xe c:/program files/atmel/studio/7.0/toolchain/avr8/avr8-gnu-toolchain/bin/../lib/gcc/avr/4.9.2/../../../../avr/lib/avr5\libm.a(fp_zero.o)
                0x000044c6                __fp_zero
                0x000044c8                __fp_szero
 .text.avr-libc.fplib
                0x000044d4        0xa c:/program files/atmel/studio/7.0/toolchain/avr8/avr8-gnu-toolchain/bin/../lib/gcc/avr/4.9.2/../../../../avr/lib/avr5\libm.a(gesf2.o)
                0x000044d4                __gesf2
                0x000044d4                __gtsf2
 .text.libgcc.div
                0x000044de       0x28 c:/program files/atmel/studio/7.0/toolchain/avr8/avr8-gnu-toolchain/bin/../lib/gcc/avr/4.9.2/avr5\libgcc.a(_divmodhi4.o)
                0x000044de                _div
                0x000044de                __divmodhi4
 .text.libgcc.div
                0x00004506       0x28 c:/program files/atmel/studio/7.0/toolchain/avr8/avr8-gnu-toolchain/bin/../lib/gcc/avr/4.9.2/avr5\libgcc.a(_udivmodhi4.o)
                0x00004506                __udivmodhi4
                0x0000452e                . = ALIGN (0x2)
 *(.fini9)
 .fini9         0x0000452e        0x0 c:/program files/atmel/studio/7.0/toolchain/avr8/avr8-gnu-toolchain/bin/../lib/gcc/avr/4.9.2/avr5\libgcc.a(_exit.o)
                0x0000452e                _exit
                0x0000452e                exit
 *(.fini9)
 *(.fini8)
 *(.fini8)
 *(.fini7)
 *(.fini7)
 *(.fini6)
 *(.fini6)
 *(.fini5)
 *(.fini5)
 *(.fini4)
 *(.fini4)
 *(.fini3)
 *(.fini3)
 *(.fini2)
 *(.fini2)
 *(.fini1)
 *(.fini1)
 *(.fini0)
 .fini0         0x0000452e        0x4 c:/program files/atmel/studio/7.0/toolchain/avr8/avr8-gnu-toolchain/bin/../lib/gcc/avr/4.9.2/avr5\libgcc.a(_exit.o)
 *(.fini0)
                0x00004532                _etext = .

.data           0x00800100       0x62 load address 0x00004532
                0x00800100                PROVIDE (__data_start, .)
 *(.data)
 *(.data*)
 .data.daysThisMonth
                0x00800100        0x2 EADOGL128.o
                0x00800100                daysThisMonth
 .data.year     0x00800102        0x2 EADOGL128.o
                0x00800102                year
 .data.month    0x00800104        0x2 EADOGL128.o
                0x00800104                month
 .data.day      0x00800106        0x2 EADOGL128.o
                0x00800106                day
 .data.snoozeDuration
                0x00800108        0x2 EADOGL128.o
                0x00800108                snoozeDuration
 .data.hour     0x0080010a        0x2 EADOGL128.o
                0x0080010a                hour
 *(.rodata)
 *(.rodata*)
 .rodata.str1.1
                0x0080010c       0x55 EADOGL128.o
 *(.gnu.linkonce.d*)
                0x00800162                . = ALIGN (0x2)
 *fill*         0x00800161        0x1 
                0x00800162                _edata = .
                0x00800162                PROVIDE (__data_end, .)

.bss            0x00800162      0x47a
                0x00800162                PROVIDE (__bss_start, .)
 *(.bss)
 *(.bss*)
 .bss.light_status
                0x00800162        0x1 EADOGL128.o
                0x00800162                light_status
 .bss.minuteWidth
                0x00800163        0x2 EADOGL128.o
                0x00800163                minuteWidth
 .bss.hourWidth
                0x00800165        0x2 EADOGL128.o
                0x00800165                hourWidth
 .bss.old_selectedItem
                0x00800167        0x2 EADOGL128.o
                0x00800167                old_selectedItem
 .bss.btn_press_duration
                0x00800169        0x4 EADOGL128.o
                0x00800169                btn_press_duration
 .bss.btn_light_pushed
                0x0080016d        0x1 EADOGL128.o
                0x0080016d                btn_light_pushed
 .bss.btn_drehenc_pushed
                0x0080016e        0x1 EADOGL128.o
                0x0080016e                btn_drehenc_pushed
 .bss.rotary    0x0080016f        0x2 EADOGL128.o
                0x0080016f                rotary
 .bss.menuOpen  0x00800171        0x1 EADOGL128.o
                0x00800171                menuOpen
 .bss.alarm     0x00800172        0x1 EADOGL128.o
                0x00800172                alarm
 .bss.timeAdvance
                0x00800173        0x4 EADOGL128.o
                0x00800173                timeAdvance
 .bss.timeUpdate
                0x00800177        0x2 EADOGL128.o
                0x00800177                timeUpdate
 .bss.timeXPos  0x00800179        0x2 EADOGL128.o
                0x00800179                timeXPos
 .bss.snoozeCounter
                0x0080017b        0x1 EADOGL128.o
                0x0080017b                snoozeCounter
 .bss.alarm_minute
                0x0080017c        0x2 EADOGL128.o
                0x0080017c                alarm_minute
 .bss.alarm_hour
                0x0080017e        0x2 EADOGL128.o
                0x0080017e                alarm_hour
 .bss.seconds   0x00800180        0x2 EADOGL128.o
                0x00800180                seconds
 .bss.minute    0x00800182        0x2 EADOGL128.o
                0x00800182                minute
 *(COMMON)
 COMMON         0x00800184      0x458 EADOGL128.o
                0x00800184                hakenSymb
                0x008001a6                herzSymb
                0x008001c6                herzKleinOffenSymb
                0x008001d0                light_sec_off
                0x008001d2                herzKleinSymb
                0x008001dc                pixelMatrix
                0x008005dc                PROVIDE (__bss_end, .)
                0x00004532                __data_load_start = LOADADDR (.data)
                0x00004594                __data_load_end = (__data_load_start + SIZEOF (.data))

.noinit         0x008005dc        0x0
                0x008005dc                PROVIDE (__noinit_start, .)
 *(.noinit*)
                0x008005dc                PROVIDE (__noinit_end, .)
                0x008005dc                _end = .
                0x008005dc                PROVIDE (__heap_start, .)

.eeprom         0x00810000        0x0
 *(.eeprom*)
                0x00810000                __eeprom_end = .

.fuse
 *(.fuse)
 *(.lfuse)
 *(.hfuse)
 *(.efuse)

.lock
 *(.lock*)

.signature
 *(.signature*)

.user_signatures
 *(.user_signatures*)

.stab
 *(.stab)

.stabstr
 *(.stabstr)

.stab.excl
 *(.stab.excl)

.stab.exclstr
 *(.stab.exclstr)

.stab.index
 *(.stab.index)

.stab.indexstr
 *(.stab.indexstr)

.comment        0x00000000       0x30
 *(.comment)
 .comment       0x00000000       0x30 EADOGL128.o
                                 0x31 (size before relaxing)

.note.gnu.avr.deviceinfo
                0x00000000       0x40
 .note.gnu.avr.deviceinfo
                0x00000000       0x40 C:/Program Files/Atmel/Studio/7.0/Packs/atmel/ATmega_DFP/1.0.90/gcc/dev/atmega328p/avr5/crtatmega328p.o

.note.gnu.build-id
 *(.note.gnu.build-id)

.debug
 *(.debug)

.line
 *(.line)

.debug_srcinfo
 *(.debug_srcinfo)

.debug_sfnames
 *(.debug_sfnames)

.debug_aranges  0x00000000      0x2b8
 *(.debug_aranges)
 .debug_aranges
                0x00000000      0x2b8 EADOGL128.o

.debug_pubnames
 *(.debug_pubnames)

.debug_info     0x00000000     0x4edc
 *(.debug_info .gnu.linkonce.wi.*)
 .debug_info    0x00000000     0x4edc EADOGL128.o

.debug_abbrev   0x00000000      0x4aa
 *(.debug_abbrev)
 .debug_abbrev  0x00000000      0x4aa EADOGL128.o

.debug_line     0x00000000     0x1029
 *(.debug_line .debug_line.* .debug_line_end)
 .debug_line    0x00000000     0x1029 EADOGL128.o

.debug_frame    0x00000000      0xcb4
 *(.debug_frame)
 .debug_frame   0x00000000      0xcb4 EADOGL128.o

.debug_str      0x00000000      0x939
 *(.debug_str)
 .debug_str     0x00000000      0x939 EADOGL128.o
                                0xa19 (size before relaxing)

.debug_loc      0x00000000     0x4627
 *(.debug_loc)
 .debug_loc     0x00000000     0x4627 EADOGL128.o

.debug_macinfo
 *(.debug_macinfo)

.debug_weaknames
 *(.debug_weaknames)

.debug_funcnames
 *(.debug_funcnames)

.debug_typenames
 *(.debug_typenames)

.debug_varnames
 *(.debug_varnames)

.debug_pubtypes
 *(.debug_pubtypes)

.debug_ranges   0x00000000      0x438
 *(.debug_ranges)
 .debug_ranges  0x00000000      0x438 EADOGL128.o

.debug_macro
 *(.debug_macro)
OUTPUT(EADOGL128.elf elf32-avr)
LOAD linker stubs
