Archive member included to satisfy reference by file (symbol)

c:/program files/atmel/studio/7.0/toolchain/avr8/avr8-gnu-toolchain/bin/../lib/gcc/avr/4.9.2/../../../../avr/lib/avr5\libm.a(addsf3.o)
                              EADOGL128.o (__addsf3)
c:/program files/atmel/studio/7.0/toolchain/avr8/avr8-gnu-toolchain/bin/../lib/gcc/avr/4.9.2/../../../../avr/lib/avr5\libm.a(addsf3x.o)
                              c:/program files/atmel/studio/7.0/toolchain/avr8/avr8-gnu-toolchain/bin/../lib/gcc/avr/4.9.2/../../../../avr/lib/avr5\libm.a(addsf3.o) (__addsf3x)
c:/program files/atmel/studio/7.0/toolchain/avr8/avr8-gnu-toolchain/bin/../lib/gcc/avr/4.9.2/../../../../avr/lib/avr5\libm.a(cmpsf2.o)
                              EADOGL128.o (__ltsf2)
c:/program files/atmel/studio/7.0/toolchain/avr8/avr8-gnu-toolchain/bin/../lib/gcc/avr/4.9.2/../../../../avr/lib/avr5\libm.a(fp_cmp.o)
                              c:/program files/atmel/studio/7.0/toolchain/avr8/avr8-gnu-toolchain/bin/../lib/gcc/avr/4.9.2/../../../../avr/lib/avr5\libm.a(cmpsf2.o) (__fp_cmp)
c:/program files/atmel/studio/7.0/toolchain/avr8/avr8-gnu-toolchain/bin/../lib/gcc/avr/4.9.2/../../../../avr/lib/avr5\libm.a(fp_inf.o)
                              c:/program files/atmel/studio/7.0/toolchain/avr8/avr8-gnu-toolchain/bin/../lib/gcc/avr/4.9.2/../../../../avr/lib/avr5\libm.a(addsf3x.o) (__fp_inf)
c:/program files/atmel/studio/7.0/toolchain/avr8/avr8-gnu-toolchain/bin/../lib/gcc/avr/4.9.2/../../../../avr/lib/avr5\libm.a(fp_nan.o)
                              c:/program files/atmel/studio/7.0/toolchain/avr8/avr8-gnu-toolchain/bin/../lib/gcc/avr/4.9.2/../../../../avr/lib/avr5\libm.a(addsf3x.o) (__fp_nan)
c:/program files/atmel/studio/7.0/toolchain/avr8/avr8-gnu-toolchain/bin/../lib/gcc/avr/4.9.2/../../../../avr/lib/avr5\libm.a(fp_pscA.o)
                              c:/program files/atmel/studio/7.0/toolchain/avr8/avr8-gnu-toolchain/bin/../lib/gcc/avr/4.9.2/../../../../avr/lib/avr5\libm.a(addsf3x.o) (__fp_pscA)
c:/program files/atmel/studio/7.0/toolchain/avr8/avr8-gnu-toolchain/bin/../lib/gcc/avr/4.9.2/../../../../avr/lib/avr5\libm.a(fp_pscB.o)
                              c:/program files/atmel/studio/7.0/toolchain/avr8/avr8-gnu-toolchain/bin/../lib/gcc/avr/4.9.2/../../../../avr/lib/avr5\libm.a(addsf3x.o) (__fp_pscB)
c:/program files/atmel/studio/7.0/toolchain/avr8/avr8-gnu-toolchain/bin/../lib/gcc/avr/4.9.2/../../../../avr/lib/avr5\libm.a(fp_round.o)
                              c:/program files/atmel/studio/7.0/toolchain/avr8/avr8-gnu-toolchain/bin/../lib/gcc/avr/4.9.2/../../../../avr/lib/avr5\libm.a(addsf3.o) (__fp_round)
c:/program files/atmel/studio/7.0/toolchain/avr8/avr8-gnu-toolchain/bin/../lib/gcc/avr/4.9.2/../../../../avr/lib/avr5\libm.a(fp_split3.o)
                              c:/program files/atmel/studio/7.0/toolchain/avr8/avr8-gnu-toolchain/bin/../lib/gcc/avr/4.9.2/../../../../avr/lib/avr5\libm.a(addsf3x.o) (__fp_split3)
c:/program files/atmel/studio/7.0/toolchain/avr8/avr8-gnu-toolchain/bin/../lib/gcc/avr/4.9.2/../../../../avr/lib/avr5\libm.a(fp_zero.o)
                              c:/program files/atmel/studio/7.0/toolchain/avr8/avr8-gnu-toolchain/bin/../lib/gcc/avr/4.9.2/../../../../avr/lib/avr5\libm.a(addsf3x.o) (__fp_zero)
c:/program files/atmel/studio/7.0/toolchain/avr8/avr8-gnu-toolchain/bin/../lib/gcc/avr/4.9.2/../../../../avr/lib/avr5\libm.a(gesf2.o)
                              EADOGL128.o (__gesf2)
c:/program files/atmel/studio/7.0/toolchain/avr8/avr8-gnu-toolchain/bin/../lib/gcc/avr/4.9.2/avr5\libgcc.a(_divmodhi4.o)
                              EADOGL128.o (__divmodhi4)
c:/program files/atmel/studio/7.0/toolchain/avr8/avr8-gnu-toolchain/bin/../lib/gcc/avr/4.9.2/avr5\libgcc.a(_exit.o)
                              C:/Program Files/Atmel/Studio/7.0/Packs/atmel/ATmega_DFP/1.0.90/gcc/dev/atmega328p/avr5/crtatmega328p.o (exit)
c:/program files/atmel/studio/7.0/toolchain/avr8/avr8-gnu-toolchain/bin/../lib/gcc/avr/4.9.2/avr5\libgcc.a(_copy_data.o)
                              EADOGL128.o (__do_copy_data)
c:/program files/atmel/studio/7.0/toolchain/avr8/avr8-gnu-toolchain/bin/../lib/gcc/avr/4.9.2/avr5\libgcc.a(_clear_bss.o)
                              EADOGL128.o (__do_clear_bss)
c:/program files/atmel/studio/7.0/toolchain/avr8/avr8-gnu-toolchain/bin/../lib/gcc/avr/4.9.2/avr5\libgcc.a(_udivmodhi4.o)
                              c:/program files/atmel/studio/7.0/toolchain/avr8/avr8-gnu-toolchain/bin/../lib/gcc/avr/4.9.2/avr5\libgcc.a(_divmodhi4.o) (__udivmodhi4)

Allocating common symbols
Common symbol       size              file

hakenSymb           0x22              EADOGL128.o
herzSymb            0x20              EADOGL128.o
herzKleinOffenSymb  0xa               EADOGL128.o
light_sec_off       0x2               EADOGL128.o
herzKleinSymb       0xa               EADOGL128.o
pixelMatrix         0x400             EADOGL128.o

Discarded input sections

 .data          0x00000000        0x0 C:/Program Files/Atmel/Studio/7.0/Packs/atmel/ATmega_DFP/1.0.90/gcc/dev/atmega328p/avr5/crtatmega328p.o
 .bss           0x00000000        0x0 C:/Program Files/Atmel/Studio/7.0/Packs/atmel/ATmega_DFP/1.0.90/gcc/dev/atmega328p/avr5/crtatmega328p.o
 .text          0x00000000        0x0 EADOGL128.o
 .data          0x00000000        0x0 EADOGL128.o
 .bss           0x00000000        0x0 EADOGL128.o
 .text.stop_btnPress
                0x00000000        0x4 EADOGL128.o
 .text.charArraySize
                0x00000000        0x6 EADOGL128.o
 .bss.test      0x00000000        0x2 EADOGL128.o
 .bss.volumeChange
                0x00000000        0x2 EADOGL128.o
 .data.increment
                0x00000000        0x1 EADOGL128.o
 .bss.alarmXPos
                0x00000000        0x2 EADOGL128.o
 .bss.cnt       0x00000000        0x2 EADOGL128.o
 .text          0x00000000        0x0 c:/program files/atmel/studio/7.0/toolchain/avr8/avr8-gnu-toolchain/bin/../lib/gcc/avr/4.9.2/../../../../avr/lib/avr5\libm.a(addsf3.o)
 .data          0x00000000        0x0 c:/program files/atmel/studio/7.0/toolchain/avr8/avr8-gnu-toolchain/bin/../lib/gcc/avr/4.9.2/../../../../avr/lib/avr5\libm.a(addsf3.o)
 .bss           0x00000000        0x0 c:/program files/atmel/studio/7.0/toolchain/avr8/avr8-gnu-toolchain/bin/../lib/gcc/avr/4.9.2/../../../../avr/lib/avr5\libm.a(addsf3.o)
 .text          0x00000000        0x0 c:/program files/atmel/studio/7.0/toolchain/avr8/avr8-gnu-toolchain/bin/../lib/gcc/avr/4.9.2/../../../../avr/lib/avr5\libm.a(addsf3x.o)
 .data          0x00000000        0x0 c:/program files/atmel/studio/7.0/toolchain/avr8/avr8-gnu-toolchain/bin/../lib/gcc/avr/4.9.2/../../../../avr/lib/avr5\libm.a(addsf3x.o)
 .bss           0x00000000        0x0 c:/program files/atmel/studio/7.0/toolchain/avr8/avr8-gnu-toolchain/bin/../lib/gcc/avr/4.9.2/../../../../avr/lib/avr5\libm.a(addsf3x.o)
 .text          0x00000000        0x0 c:/program files/atmel/studio/7.0/toolchain/avr8/avr8-gnu-toolchain/bin/../lib/gcc/avr/4.9.2/../../../../avr/lib/avr5\libm.a(cmpsf2.o)
 .data          0x00000000        0x0 c:/program files/atmel/studio/7.0/toolchain/avr8/avr8-gnu-toolchain/bin/../lib/gcc/avr/4.9.2/../../../../avr/lib/avr5\libm.a(cmpsf2.o)
 .bss           0x00000000        0x0 c:/program files/atmel/studio/7.0/toolchain/avr8/avr8-gnu-toolchain/bin/../lib/gcc/avr/4.9.2/../../../../avr/lib/avr5\libm.a(cmpsf2.o)
 .text          0x00000000        0x0 c:/program files/atmel/studio/7.0/toolchain/avr8/avr8-gnu-toolchain/bin/../lib/gcc/avr/4.9.2/../../../../avr/lib/avr5\libm.a(fp_cmp.o)
 .data          0x00000000        0x0 c:/program files/atmel/studio/7.0/toolchain/avr8/avr8-gnu-toolchain/bin/../lib/gcc/avr/4.9.2/../../../../avr/lib/avr5\libm.a(fp_cmp.o)
 .bss           0x00000000        0x0 c:/program files/atmel/studio/7.0/toolchain/avr8/avr8-gnu-toolchain/bin/../lib/gcc/avr/4.9.2/../../../../avr/lib/avr5\libm.a(fp_cmp.o)
 .text          0x00000000        0x0 c:/program files/atmel/studio/7.0/toolchain/avr8/avr8-gnu-toolchain/bin/../lib/gcc/avr/4.9.2/../../../../avr/lib/avr5\libm.a(fp_inf.o)
 .data          0x00000000        0x0 c:/program files/atmel/studio/7.0/toolchain/avr8/avr8-gnu-toolchain/bin/../lib/gcc/avr/4.9.2/../../../../avr/lib/avr5\libm.a(fp_inf.o)
 .bss           0x00000000        0x0 c:/program files/atmel/studio/7.0/toolchain/avr8/avr8-gnu-toolchain/bin/../lib/gcc/avr/4.9.2/../../../../avr/lib/avr5\libm.a(fp_inf.o)
 .text          0x00000000        0x0 c:/program files/atmel/studio/7.0/toolchain/avr8/avr8-gnu-toolchain/bin/../lib/gcc/avr/4.9.2/../../../../avr/lib/avr5\libm.a(fp_nan.o)
 .data          0x00000000        0x0 c:/program files/atmel/studio/7.0/toolchain/avr8/avr8-gnu-toolchain/bin/../lib/gcc/avr/4.9.2/../../../../avr/lib/avr5\libm.a(fp_nan.o)
 .bss           0x00000000        0x0 c:/program files/atmel/studio/7.0/toolchain/avr8/avr8-gnu-toolchain/bin/../lib/gcc/avr/4.9.2/../../../../avr/lib/avr5\libm.a(fp_nan.o)
 .text          0x00000000        0x0 c:/program files/atmel/studio/7.0/toolchain/avr8/avr8-gnu-toolchain/bin/../lib/gcc/avr/4.9.2/../../../../avr/lib/avr5\libm.a(fp_pscA.o)
 .data          0x00000000        0x0 c:/program files/atmel/studio/7.0/toolchain/avr8/avr8-gnu-toolchain/bin/../lib/gcc/avr/4.9.2/../../../../avr/lib/avr5\libm.a(fp_pscA.o)
 .bss           0x00000000        0x0 c:/program files/atmel/studio/7.0/toolchain/avr8/avr8-gnu-toolchain/bin/../lib/gcc/avr/4.9.2/../../../../avr/lib/avr5\libm.a(fp_pscA.o)
 .text          0x00000000        0x0 c:/program files/atmel/studio/7.0/toolchain/avr8/avr8-gnu-toolchain/bin/../lib/gcc/avr/4.9.2/../../../../avr/lib/avr5\libm.a(fp_pscB.o)
 .data          0x00000000        0x0 c:/program files/atmel/studio/7.0/toolchain/avr8/avr8-gnu-toolchain/bin/../lib/gcc/avr/4.9.2/../../../../avr/lib/avr5\libm.a(fp_pscB.o)
 .bss           0x00000000        0x0 c:/program files/atmel/studio/7.0/toolchain/avr8/avr8-gnu-toolchain/bin/../lib/gcc/avr/4.9.2/../../../../avr/lib/avr5\libm.a(fp_pscB.o)
 .text          0x00000000        0x0 c:/program files/atmel/studio/7.0/toolchain/avr8/avr8-gnu-toolchain/bin/../lib/gcc/avr/4.9.2/../../../../avr/lib/avr5\libm.a(fp_round.o)
 .data          0x00000000        0x0 c:/program files/atmel/studio/7.0/toolchain/avr8/avr8-gnu-toolchain/bin/../lib/gcc/avr/4.9.2/../../../../avr/lib/avr5\libm.a(fp_round.o)
 .bss           0x00000000        0x0 c:/program files/atmel/studio/7.0/toolchain/avr8/avr8-gnu-toolchain/bin/../lib/gcc/avr/4.9.2/../../../../avr/lib/avr5\libm.a(fp_round.o)
 .text          0x00000000        0x0 c:/program files/atmel/studio/7.0/toolchain/avr8/avr8-gnu-toolchain/bin/../lib/gcc/avr/4.9.2/../../../../avr/lib/avr5\libm.a(fp_split3.o)
 .data          0x00000000        0x0 c:/program files/atmel/studio/7.0/toolchain/avr8/avr8-gnu-toolchain/bin/../lib/gcc/avr/4.9.2/../../../../avr/lib/avr5\libm.a(fp_split3.o)
 .bss           0x00000000        0x0 c:/program files/atmel/studio/7.0/toolchain/avr8/avr8-gnu-toolchain/bin/../lib/gcc/avr/4.9.2/../../../../avr/lib/avr5\libm.a(fp_split3.o)
 .text          0x00000000        0x0 c:/program files/atmel/studio/7.0/toolchain/avr8/avr8-gnu-toolchain/bin/../lib/gcc/avr/4.9.2/../../../../avr/lib/avr5\libm.a(fp_zero.o)
 .data          0x00000000        0x0 c:/program files/atmel/studio/7.0/toolchain/avr8/avr8-gnu-toolchain/bin/../lib/gcc/avr/4.9.2/../../../../avr/lib/avr5\libm.a(fp_zero.o)
 .bss           0x00000000        0x0 c:/program files/atmel/studio/7.0/toolchain/avr8/avr8-gnu-toolchain/bin/../lib/gcc/avr/4.9.2/../../../../avr/lib/avr5\libm.a(fp_zero.o)
 .text          0x00000000        0x0 c:/program files/atmel/studio/7.0/toolchain/avr8/avr8-gnu-toolchain/bin/../lib/gcc/avr/4.9.2/../../../../avr/lib/avr5\libm.a(gesf2.o)
 .data          0x00000000        0x0 c:/program files/atmel/studio/7.0/toolchain/avr8/avr8-gnu-toolchain/bin/../lib/gcc/avr/4.9.2/../../../../avr/lib/avr5\libm.a(gesf2.o)
 .bss           0x00000000        0x0 c:/program files/atmel/studio/7.0/toolchain/avr8/avr8-gnu-toolchain/bin/../lib/gcc/avr/4.9.2/../../../../avr/lib/avr5\libm.a(gesf2.o)
 .text          0x00000000        0x0 c:/program files/atmel/studio/7.0/toolchain/avr8/avr8-gnu-toolchain/bin/../lib/gcc/avr/4.9.2/avr5\libgcc.a(_divmodhi4.o)
 .data          0x00000000        0x0 c:/program files/atmel/studio/7.0/toolchain/avr8/avr8-gnu-toolchain/bin/../lib/gcc/avr/4.9.2/avr5\libgcc.a(_divmodhi4.o)
 .bss           0x00000000        0x0 c:/program files/atmel/studio/7.0/toolchain/avr8/avr8-gnu-toolchain/bin/../lib/gcc/avr/4.9.2/avr5\libgcc.a(_divmodhi4.o)
 .text.libgcc.mul
                0x00000000        0x0 c:/program files/atmel/studio/7.0/toolchain/avr8/avr8-gnu-toolchain/bin/../lib/gcc/avr/4.9.2/avr5\libgcc.a(_divmodhi4.o)
 .text.libgcc   0x00000000        0x0 c:/program files/atmel/studio/7.0/toolchain/avr8/avr8-gnu-toolchain/bin/../lib/gcc/avr/4.9.2/avr5\libgcc.a(_divmodhi4.o)
 .text.libgcc.prologue
                0x00000000        0x0 c:/program files/atmel/studio/7.0/toolchain/avr8/avr8-gnu-toolchain/bin/../lib/gcc/avr/4.9.2/avr5\libgcc.a(_divmodhi4.o)
 .text.libgcc.builtins
                0x00000000        0x0 c:/program files/atmel/studio/7.0/toolchain/avr8/avr8-gnu-toolchain/bin/../lib/gcc/avr/4.9.2/avr5\libgcc.a(_divmodhi4.o)
 .text.libgcc.fmul
                0x00000000        0x0 c:/program files/atmel/studio/7.0/toolchain/avr8/avr8-gnu-toolchain/bin/../lib/gcc/avr/4.9.2/avr5\libgcc.a(_divmodhi4.o)
 .text.libgcc.fixed
                0x00000000        0x0 c:/program files/atmel/studio/7.0/toolchain/avr8/avr8-gnu-toolchain/bin/../lib/gcc/avr/4.9.2/avr5\libgcc.a(_divmodhi4.o)
 .text          0x00000000        0x0 c:/program files/atmel/studio/7.0/toolchain/avr8/avr8-gnu-toolchain/bin/../lib/gcc/avr/4.9.2/avr5\libgcc.a(_exit.o)
 .data          0x00000000        0x0 c:/program files/atmel/studio/7.0/toolchain/avr8/avr8-gnu-toolchain/bin/../lib/gcc/avr/4.9.2/avr5\libgcc.a(_exit.o)
 .bss           0x00000000        0x0 c:/program files/atmel/studio/7.0/toolchain/avr8/avr8-gnu-toolchain/bin/../lib/gcc/avr/4.9.2/avr5\libgcc.a(_exit.o)
 .text.libgcc.mul
                0x00000000        0x0 c:/program files/atmel/studio/7.0/toolchain/avr8/avr8-gnu-toolchain/bin/../lib/gcc/avr/4.9.2/avr5\libgcc.a(_exit.o)
 .text.libgcc.div
                0x00000000        0x0 c:/program files/atmel/studio/7.0/toolchain/avr8/avr8-gnu-toolchain/bin/../lib/gcc/avr/4.9.2/avr5\libgcc.a(_exit.o)
 .text.libgcc   0x00000000        0x0 c:/program files/atmel/studio/7.0/toolchain/avr8/avr8-gnu-toolchain/bin/../lib/gcc/avr/4.9.2/avr5\libgcc.a(_exit.o)
 .text.libgcc.prologue
                0x00000000        0x0 c:/program files/atmel/studio/7.0/toolchain/avr8/avr8-gnu-toolchain/bin/../lib/gcc/avr/4.9.2/avr5\libgcc.a(_exit.o)
 .text.libgcc.builtins
                0x00000000        0x0 c:/program files/atmel/studio/7.0/toolchain/avr8/avr8-gnu-toolchain/bin/../lib/gcc/avr/4.9.2/avr5\libgcc.a(_exit.o)
 .text.libgcc.fmul
                0x00000000        0x0 c:/program files/atmel/studio/7.0/toolchain/avr8/avr8-gnu-toolchain/bin/../lib/gcc/avr/4.9.2/avr5\libgcc.a(_exit.o)
 .text.libgcc.fixed
                0x00000000        0x0 c:/program files/atmel/studio/7.0/toolchain/avr8/avr8-gnu-toolchain/bin/../lib/gcc/avr/4.9.2/avr5\libgcc.a(_exit.o)
 .text          0x00000000        0x0 c:/program files/atmel/studio/7.0/toolchain/avr8/avr8-gnu-toolchain/bin/../lib/gcc/avr/4.9.2/avr5\libgcc.a(_copy_data.o)
 .data          0x00000000        0x0 c:/program files/atmel/studio/7.0/toolchain/avr8/avr8-gnu-toolchain/bin/../lib/gcc/avr/4.9.2/avr5\libgcc.a(_copy_data.o)
 .bss           0x00000000        0x0 c:/program files/atmel/studio/7.0/toolchain/avr8/avr8-gnu-toolchain/bin/../lib/gcc/avr/4.9.2/avr5\libgcc.a(_copy_data.o)
 .text.libgcc.mul
                0x00000000        0x0 c:/program files/atmel/studio/7.0/toolchain/avr8/avr8-gnu-toolchain/bin/../lib/gcc/avr/4.9.2/avr5\libgcc.a(_copy_data.o)
 .text.libgcc.div
                0x00000000        0x0 c:/program files/atmel/studio/7.0/toolchain/avr8/avr8-gnu-toolchain/bin/../lib/gcc/avr/4.9.2/avr5\libgcc.a(_copy_data.o)
 .text.libgcc   0x00000000        0x0 c:/program files/atmel/studio/7.0/toolchain/avr8/avr8-gnu-toolchain/bin/../lib/gcc/avr/4.9.2/avr5\libgcc.a(_copy_data.o)
 .text.libgcc.prologue
                0x00000000        0x0 c:/program files/atmel/studio/7.0/toolchain/avr8/avr8-gnu-toolchain/bin/../lib/gcc/avr/4.9.2/avr5\libgcc.a(_copy_data.o)
 .text.libgcc.builtins
                0x00000000        0x0 c:/program files/atmel/studio/7.0/toolchain/avr8/avr8-gnu-toolchain/bin/../lib/gcc/avr/4.9.2/avr5\libgcc.a(_copy_data.o)
 .text.libgcc.fmul
                0x00000000        0x0 c:/program files/atmel/studio/7.0/toolchain/avr8/avr8-gnu-toolchain/bin/../lib/gcc/avr/4.9.2/avr5\libgcc.a(_copy_data.o)
 .text.libgcc.fixed
                0x00000000        0x0 c:/program files/atmel/studio/7.0/toolchain/avr8/avr8-gnu-toolchain/bin/../lib/gcc/avr/4.9.2/avr5\libgcc.a(_copy_data.o)
 .text          0x00000000        0x0 c:/program files/atmel/studio/7.0/toolchain/avr8/avr8-gnu-toolchain/bin/../lib/gcc/avr/4.9.2/avr5\libgcc.a(_clear_bss.o)
 .data          0x00000000        0x0 c:/program files/atmel/studio/7.0/toolchain/avr8/avr8-gnu-toolchain/bin/../lib/gcc/avr/4.9.2/avr5\libgcc.a(_clear_bss.o)
 .bss           0x00000000        0x0 c:/program files/atmel/studio/7.0/toolchain/avr8/avr8-gnu-toolchain/bin/../lib/gcc/avr/4.9.2/avr5\libgcc.a(_clear_bss.o)
 .text.libgcc.mul
                0x00000000        0x0 c:/program files/atmel/studio/7.0/toolchain/avr8/avr8-gnu-toolchain/bin/../lib/gcc/avr/4.9.2/avr5\libgcc.a(_clear_bss.o)
 .text.libgcc.div
                0x00000000        0x0 c:/program files/atmel/studio/7.0/toolchain/avr8/avr8-gnu-toolchain/bin/../lib/gcc/avr/4.9.2/avr5\libgcc.a(_clear_bss.o)
 .text.libgcc   0x00000000        0x0 c:/program files/atmel/studio/7.0/toolchain/avr8/avr8-gnu-toolchain/bin/../lib/gcc/avr/4.9.2/avr5\libgcc.a(_clear_bss.o)
 .text.libgcc.prologue
                0x00000000        0x0 c:/program files/atmel/studio/7.0/toolchain/avr8/avr8-gnu-toolchain/bin/../lib/gcc/avr/4.9.2/avr5\libgcc.a(_clear_bss.o)
 .text.libgcc.builtins
                0x00000000        0x0 c:/program files/atmel/studio/7.0/toolchain/avr8/avr8-gnu-toolchain/bin/../lib/gcc/avr/4.9.2/avr5\libgcc.a(_clear_bss.o)
 .text.libgcc.fmul
                0x00000000        0x0 c:/program files/atmel/studio/7.0/toolchain/avr8/avr8-gnu-toolchain/bin/../lib/gcc/avr/4.9.2/avr5\libgcc.a(_clear_bss.o)
 .text.libgcc.fixed
                0x00000000        0x0 c:/program files/atmel/studio/7.0/toolchain/avr8/avr8-gnu-toolchain/bin/../lib/gcc/avr/4.9.2/avr5\libgcc.a(_clear_bss.o)
 .text          0x00000000        0x0 c:/program files/atmel/studio/7.0/toolchain/avr8/avr8-gnu-toolchain/bin/../lib/gcc/avr/4.9.2/avr5\libgcc.a(_udivmodhi4.o)
 .data          0x00000000        0x0 c:/program files/atmel/studio/7.0/toolchain/avr8/avr8-gnu-toolchain/bin/../lib/gcc/avr/4.9.2/avr5\libgcc.a(_udivmodhi4.o)
 .bss           0x00000000        0x0 c:/program files/atmel/studio/7.0/toolchain/avr8/avr8-gnu-toolchain/bin/../lib/gcc/avr/4.9.2/avr5\libgcc.a(_udivmodhi4.o)
 .text.libgcc.mul
                0x00000000        0x0 c:/program files/atmel/studio/7.0/toolchain/avr8/avr8-gnu-toolchain/bin/../lib/gcc/avr/4.9.2/avr5\libgcc.a(_udivmodhi4.o)
 .text.libgcc   0x00000000        0x0 c:/program files/atmel/studio/7.0/toolchain/avr8/avr8-gnu-toolchain/bin/../lib/gcc/avr/4.9.2/avr5\libgcc.a(_udivmodhi4.o)
 .text.libgcc.prologue
                0x00000000        0x0 c:/program files/atmel/studio/7.0/toolchain/avr8/avr8-gnu-toolchain/bin/../lib/gcc/avr/4.9.2/avr5\libgcc.a(_udivmodhi4.o)
 .text.libgcc.builtins
                0x00000000        0x0 c:/program files/atmel/studio/7.0/toolchain/avr8/avr8-gnu-toolchain/bin/../lib/gcc/avr/4.9.2/avr5\libgcc.a(_udivmodhi4.o)
 .text.libgcc.fmul
                0x00000000        0x0 c:/program files/atmel/studio/7.0/toolchain/avr8/avr8-gnu-toolchain/bin/../lib/gcc/avr/4.9.2/avr5\libgcc.a(_udivmodhi4.o)
 .text.libgcc.fixed
                0x00000000        0x0 c:/program files/atmel/studio/7.0/toolchain/avr8/avr8-gnu-toolchain/bin/../lib/gcc/avr/4.9.2/avr5\libgcc.a(_udivmodhi4.o)

Memory Configuration

Name             Origin             Length             Attributes
text             0x00000000         0x00020000         xr
data             0x00800060         0x0000ffa0         rw !x
eeprom           0x00810000         0x00010000         rw !x
fuse             0x00820000         0x00000400         rw !x
lock             0x00830000         0x00000400         rw !x
signature        0x00840000         0x00000400         rw !x
user_signatures  0x00850000         0x00000400         rw !x
*default*        0x00000000         0xffffffff

Linker script and memory map

Address of section .data set to 0x800100
LOAD C:/Program Files/Atmel/Studio/7.0/Packs/atmel/ATmega_DFP/1.0.90/gcc/dev/atmega328p/avr5/crtatmega328p.o
LOAD EADOGL128.o
START GROUP
LOAD c:/program files/atmel/studio/7.0/toolchain/avr8/avr8-gnu-toolchain/bin/../lib/gcc/avr/4.9.2/../../../../avr/lib/avr5\libm.a
END GROUP
START GROUP
LOAD c:/program files/atmel/studio/7.0/toolchain/avr8/avr8-gnu-toolchain/bin/../lib/gcc/avr/4.9.2/avr5\libgcc.a
LOAD c:/program files/atmel/studio/7.0/toolchain/avr8/avr8-gnu-toolchain/bin/../lib/gcc/avr/4.9.2/../../../../avr/lib/avr5\libm.a
LOAD c:/program files/atmel/studio/7.0/toolchain/avr8/avr8-gnu-toolchain/bin/../lib/gcc/avr/4.9.2/../../../../avr/lib/avr5\libc.a
LOAD C:/Program Files/Atmel/Studio/7.0/Packs/atmel/ATmega_DFP/1.0.90/gcc/dev/atmega328p/avr5\libatmega328p.a
END GROUP

.hash
 *(.hash)

.dynsym
 *(.dynsym)

.dynstr
 *(.dynstr)

.gnu.version
 *(.gnu.version)

.gnu.version_d
 *(.gnu.version_d)

.gnu.version_r
 *(.gnu.version_r)

.rel.init
 *(.rel.init)

.rela.init
 *(.rela.init)

.rel.text
 *(.rel.text)
 *(.rel.text.*)
 *(.rel.gnu.linkonce.t*)

.rela.text
 *(.rela.text)
 *(.rela.text.*)
 *(.rela.gnu.linkonce.t*)

.rel.fini
 *(.rel.fini)

.rela.fini
 *(.rela.fini)

.rel.rodata
 *(.rel.rodata)
 *(.rel.rodata.*)
 *(.rel.gnu.linkonce.r*)

.rela.rodata
 *(.rela.rodata)
 *(.rela.rodata.*)
 *(.rela.gnu.linkonce.r*)

.rel.data
 *(.rel.data)
 *(.rel.data.*)
 *(.rel.gnu.linkonce.d*)

.rela.data
 *(.rela.data)
 *(.rela.data.*)
 *(.rela.gnu.linkonce.d*)

.rel.ctors
 *(.rel.ctors)

.rela.ctors
 *(.rela.ctors)

.rel.dtors
 *(.rel.dtors)

.rela.dtors
 *(.rela.dtors)

.rel.got
 *(.rel.got)

.rela.got
 *(.rela.got)

.rel.bss
 *(.rel.bss)

.rela.bss
 *(.rela.bss)

.rel.plt
 *(.rel.plt)

.rela.plt
 *(.rela.plt)

.text           0x00000000     0x453e
 *(.vectors)
 .vectors       0x00000000       0x68 C:/Program Files/Atmel/Studio/7.0/Packs/atmel/ATmega_DFP/1.0.90/gcc/dev/atmega328p/avr5/crtatmega328p.o
                0x00000000                __vector_default
                0x00000000                __vectors
 *(.vectors)
 *(.progmem.gcc*)
                0x00000068                . = ALIGN (0x2)
                0x00000068                __trampolines_start = .
 *(.trampolines)
 .trampolines   0x00000068        0x0 linker stubs
 *(.trampolines*)
                0x00000068                __trampolines_end = .
 *(.progmem*)
 .progmem.data.timeDot
                0x00000068       0x14 EADOGL128.o
                0x00000068                timeDot
 .progmem.data.daysPerMonth
                0x0000007c        0xc EADOGL128.o
                0x0000007c                daysPerMonth
 .progmem.data.months
                0x00000088       0xd8 EADOGL128.o
                0x00000088                months
 .progmem.data.alphaWidth
                0x00000160       0x38 EADOGL128.o
                0x00000160                alphaWidth
 .progmem.data.bigNumberWidth
                0x00000198        0xa EADOGL128.o
                0x00000198                bigNumberWidth
 .progmem.data.bigNumber
                0x000001a2      0x320 EADOGL128.o
                0x000001a2                bigNumber
 .progmem.data.smallNumberWidth
                0x000004c2        0xa EADOGL128.o
                0x000004c2                smallNumberWidth
 .progmem.data.smallNumber
                0x000004cc       0xc8 EADOGL128.o
                0x000004cc                smallNumber
 .progmem.data.alphabet
                0x00000594      0x7e0 EADOGL128.o
                0x00000594                alphabet
 .progmem.data.snoozePic
                0x00000d74        0x9 EADOGL128.o
                0x00000d74                snoozePic
 .progmem.data.speaker
                0x00000d7d       0x5d EADOGL128.o
                0x00000d7d                speaker
 .progmem.data.rose
                0x00000dda       0x5a EADOGL128.o
                0x00000dda                rose
 .progmem.data.herzKleinOffen
                0x00000e34        0xa EADOGL128.o
                0x00000e34                herzKleinOffen
 .progmem.data.herzKlein
                0x00000e3e        0xa EADOGL128.o
                0x00000e3e                herzKlein
 .progmem.data.herz
                0x00000e48       0x20 EADOGL128.o
                0x00000e48                herz
 .progmem.data.haken
                0x00000e68       0x22 EADOGL128.o
                0x00000e68                haken
 .progmem.data.note
                0x00000e8a       0x12 EADOGL128.o
                0x00000e8a                note
                0x00000e9c                . = ALIGN (0x2)
 *(.jumptables)
 *(.jumptables*)
 *(.lowtext)
 *(.lowtext*)
                0x00000e9c                __ctors_start = .
 *(.ctors)
                0x00000e9c                __ctors_end = .
                0x00000e9c                __dtors_start = .
 *(.dtors)
                0x00000e9c                __dtors_end = .
 SORT(*)(.ctors)
 SORT(*)(.dtors)
 *(.init0)
 .init0         0x00000e9c        0x0 C:/Program Files/Atmel/Studio/7.0/Packs/atmel/ATmega_DFP/1.0.90/gcc/dev/atmega328p/avr5/crtatmega328p.o
                0x00000e9c                __init
 *(.init0)
 *(.init1)
 *(.init1)
 *(.init2)
 .init2         0x00000e9c        0xc C:/Program Files/Atmel/Studio/7.0/Packs/atmel/ATmega_DFP/1.0.90/gcc/dev/atmega328p/avr5/crtatmega328p.o
 *(.init2)
 *(.init3)
 *(.init3)
 *(.init4)
 .init4         0x00000ea8       0x16 c:/program files/atmel/studio/7.0/toolchain/avr8/avr8-gnu-toolchain/bin/../lib/gcc/avr/4.9.2/avr5\libgcc.a(_copy_data.o)
                0x00000ea8                __do_copy_data
 .init4         0x00000ebe       0x10 c:/program files/atmel/studio/7.0/toolchain/avr8/avr8-gnu-toolchain/bin/../lib/gcc/avr/4.9.2/avr5\libgcc.a(_clear_bss.o)
                0x00000ebe                __do_clear_bss
 *(.init4)
 *(.init5)
 *(.init5)
 *(.init6)
 *(.init6)
 *(.init7)
 *(.init7)
 *(.init8)
 *(.init8)
 *(.init9)
 .init9         0x00000ece        0x8 C:/Program Files/Atmel/Studio/7.0/Packs/atmel/ATmega_DFP/1.0.90/gcc/dev/atmega328p/avr5/crtatmega328p.o
 *(.init9)
 *(.text)
 .text          0x00000ed6        0x4 C:/Program Files/Atmel/Studio/7.0/Packs/atmel/ATmega_DFP/1.0.90/gcc/dev/atmega328p/avr5/crtatmega328p.o
                0x00000ed6                __vector_22
                0x00000ed6                __vector_1
                0x00000ed6                __vector_24
                0x00000ed6                __vector_12
                0x00000ed6                __bad_interrupt
                0x00000ed6                __vector_6
                0x00000ed6                __vector_23
                0x00000ed6                __vector_25
                0x00000ed6                __vector_11
                0x00000ed6                __vector_13
                0x00000ed6                __vector_17
                0x00000ed6                __vector_19
                0x00000ed6                __vector_7
                0x00000ed6                __vector_4
                0x00000ed6                __vector_2
                0x00000ed6                __vector_21
                0x00000ed6                __vector_15
                0x00000ed6                __vector_8
                0x00000ed6                __vector_14
                0x00000ed6                __vector_10
                0x00000ed6                __vector_18
                0x00000ed6                __vector_20
                0x00000eda                . = ALIGN (0x2)
 *(.text.*)
 .text.sendCmd  0x00000eda       0x20 EADOGL128.o
                0x00000eda                sendCmd
 .text.lcdInit  0x00000efa       0x56 EADOGL128.o
                0x00000efa                lcdInit
 .text.sendData
                0x00000f50        0xa EADOGL128.o
                0x00000f50                sendData
 .text.setColumn
                0x00000f5a       0x1a EADOGL128.o
                0x00000f5a                setColumn
 .text.setPage  0x00000f74        0x8 EADOGL128.o
                0x00000f74                setPage
 .text.clear_LCD
                0x00000f7c       0x36 EADOGL128.o
                0x00000f7c                clear_LCD
 .text.set_pixel
                0x00000fb2       0x46 EADOGL128.o
                0x00000fb2                set_pixel
 .text.reset_pixel
                0x00000ff8       0x48 EADOGL128.o
                0x00000ff8                reset_pixel
 .text.update_LCD
                0x00001040       0x5e EADOGL128.o
                0x00001040                update_LCD
 .text.print_symbol
                0x0000109e      0x128 EADOGL128.o
                0x0000109e                print_symbol
 .text.print_letter
                0x000011c6       0xec EADOGL128.o
                0x000011c6                print_letter
 .text.print_smallNumber
                0x000012b2      0x118 EADOGL128.o
                0x000012b2                print_smallNumber
 .text.print_bigNumber
                0x000013ca      0x118 EADOGL128.o
                0x000013ca                print_bigNumber
 .text.push_button
                0x000014e2       0x3e EADOGL128.o
                0x000014e2                push_button
 .text.amp_on   0x00001520       0x1a EADOGL128.o
                0x00001520                amp_on
 .text.mute_off
                0x0000153a        0x8 EADOGL128.o
                0x0000153a                mute_off
 .text.release_button
                0x00001542       0x3e EADOGL128.o
                0x00001542                release_button
 .text.amp_off  0x00001580        0x8 EADOGL128.o
                0x00001580                amp_off
 .text.mute_on  0x00001588        0x8 EADOGL128.o
                0x00001588                mute_on
 .text.boot_amp
                0x00001590       0x20 EADOGL128.o
                0x00001590                boot_amp
 .text.shutdown_amp
                0x000015b0       0x1c EADOGL128.o
                0x000015b0                shutdown_amp
 .text.mp3Player_onoff
                0x000015cc       0x32 EADOGL128.o
                0x000015cc                mp3Player_onoff
 .text.next_song
                0x000015fe       0x32 EADOGL128.o
                0x000015fe                next_song
 .text.play_pause
                0x00001630       0x32 EADOGL128.o
                0x00001630                play_pause
 .text.volume   0x00001662       0x56 EADOGL128.o
                0x00001662                volume
 .text.__vector_3
                0x000016b8       0x66 EADOGL128.o
                0x000016b8                __vector_3
 .text.__vector_5
                0x0000171e       0x8c EADOGL128.o
                0x0000171e                __vector_5
 .text.__vector_9
                0x000017aa       0xaa EADOGL128.o
                0x000017aa                __vector_9
 .text.__vector_16
                0x00001854       0x70 EADOGL128.o
                0x00001854                __vector_16
 .text.set_ports
                0x000018c4       0x2a EADOGL128.o
                0x000018c4                set_ports
 .text.configureTimerAndInterrupts
                0x000018ee       0x4a EADOGL128.o
                0x000018ee                configureTimerAndInterrupts
 .text.snooze_alarm
                0x00001938       0x4e EADOGL128.o
                0x00001938                snooze_alarm
 .text.remove_menuSelection
                0x00001986       0x4e EADOGL128.o
                0x00001986                remove_menuSelection
 .text.print_menuSelection
                0x000019d4       0x6e EADOGL128.o
                0x000019d4                print_menuSelection
 .text.print_ASCIIString
                0x00001a42       0x80 EADOGL128.o
                0x00001a42                print_ASCIIString
 .text.clear_pixelMatrix
                0x00001ac2       0x22 EADOGL128.o
                0x00001ac2                clear_pixelMatrix
 .text.start_btnPress
                0x00001ae4       0x18 EADOGL128.o
                0x00001ae4                start_btnPress
 .text.check_TimeUpdate
                0x00001afc       0x1c EADOGL128.o
                0x00001afc                check_TimeUpdate
 .text.reset_alarmLogo
                0x00001b18       0x2c EADOGL128.o
                0x00001b18                reset_alarmLogo
 .text.print_alarmLogo
                0x00001b44       0x62 EADOGL128.o
                0x00001b44                print_alarmLogo
 .text.reset_snoozeLogo
                0x00001ba6       0x2c EADOGL128.o
                0x00001ba6                reset_snoozeLogo
 .text.print_snoozeLogo
                0x00001bd2       0x62 EADOGL128.o
                0x00001bd2                print_snoozeLogo
 .text.print_timeDot
                0x00001c34       0xde EADOGL128.o
                0x00001c34                print_timeDot
 .text.get_timeWidth
                0x00001d12       0x22 EADOGL128.o
                0x00001d12                get_timeWidth
 .text.update_timeXPos
                0x00001d34       0x4a EADOGL128.o
                0x00001d34                update_timeXPos
 .text.print_hour
                0x00001d7e       0x66 EADOGL128.o
                0x00001d7e                print_hour
 .text.print_minute
                0x00001de4       0x82 EADOGL128.o
                0x00001de4                print_minute
 .text.print_time
                0x00001e66       0x58 EADOGL128.o
                0x00001e66                print_time
 .text.get_stringWidth
                0x00001ebe       0x3c EADOGL128.o
                0x00001ebe                get_stringWidth
 .text.print_month
                0x00001efa       0xce EADOGL128.o
                0x00001efa                print_month
 .text.print_day
                0x00001fc8       0x6a EADOGL128.o
                0x00001fc8                print_day
 .text.get_yearWidth
                0x00002032       0x48 EADOGL128.o
                0x00002032                get_yearWidth
 .text.get_yearXPos
                0x0000207a       0x1c EADOGL128.o
                0x0000207a                get_yearXPos
 .text.print_year
                0x00002096       0xc2 EADOGL128.o
                0x00002096                print_year
 .text.get_dayWidth
                0x00002158       0x4a EADOGL128.o
                0x00002158                get_dayWidth
 .text.get_monthWidth
                0x000021a2       0x56 EADOGL128.o
                0x000021a2                get_monthWidth
 .text.get_dateWidth
                0x000021f8       0x1a EADOGL128.o
                0x000021f8                get_dateWidth
 .text.get_dateXPos
                0x00002212       0x1c EADOGL128.o
                0x00002212                get_dateXPos
 .text.convertString
                0x0000222e       0x90 EADOGL128.o
                0x0000222e                convertString
 .text.print_menuItems
                0x000022be      0x198 EADOGL128.o
                0x000022be                print_menuItems
 .text.print_date
                0x00002456      0x1e2 EADOGL128.o
                0x00002456                print_date
 .text.print_stdDisplay
                0x00002638       0x22 EADOGL128.o
                0x00002638                print_stdDisplay
 .text.check_light
                0x0000265a       0xd4 EADOGL128.o
                0x0000265a                check_light
 .text.increment_date
                0x0000272e       0xa2 EADOGL128.o
                0x0000272e                increment_date
 .text.update_time
                0x000027d0       0xb0 EADOGL128.o
                0x000027d0                update_time
 .text.goodNight
                0x00002880       0x72 EADOGL128.o
                0x00002880                goodNight
 .text.wakeUp_User
                0x000028f2      0x202 EADOGL128.o
                0x000028f2                wakeUp_User
 .text.get_menuSelection
                0x00002af4       0xa4 EADOGL128.o
                0x00002af4                get_menuSelection
 .text.set_timeParameter
                0x00002b98      0x1a2 EADOGL128.o
                0x00002b98                set_timeParameter
 .text.set_time
                0x00002d3a      0x424 EADOGL128.o
                0x00002d3a                set_time
 .text.set_alarm
                0x0000315e        0x8 EADOGL128.o
                0x0000315e                set_alarm
 .text.set_day  0x00003166      0x122 EADOGL128.o
                0x00003166                set_day
 .text.set_month
                0x00003288      0x136 EADOGL128.o
                0x00003288                set_month
 .text.set_year
                0x000033be      0x12e EADOGL128.o
                0x000033be                set_year
 .text.set_date
                0x000034ec      0x40c EADOGL128.o
                0x000034ec                set_date
 .text.set_audio
                0x000038f8      0x2c2 EADOGL128.o
                0x000038f8                set_audio
 .text.boombox  0x00003bba       0xc2 EADOGL128.o
                0x00003bba                boombox
 .text.printSnoozetime
                0x00003c7c       0xf6 EADOGL128.o
                0x00003c7c                printSnoozetime
 .text.set_snoozeDuration
                0x00003d72      0x2be EADOGL128.o
                0x00003d72                set_snoozeDuration
 .text.show_mainMenu2
                0x00004030       0x80 EADOGL128.o
                0x00004030                show_mainMenu2
 .text.show_mainMenu
                0x000040b0       0x8c EADOGL128.o
                0x000040b0                show_mainMenu
 .text.main     0x0000413c      0x1d6 EADOGL128.o
                0x0000413c                main
 .text.avr-libc.fplib
                0x00004312        0xe c:/program files/atmel/studio/7.0/toolchain/avr8/avr8-gnu-toolchain/bin/../lib/gcc/avr/4.9.2/../../../../avr/lib/avr5\libm.a(addsf3.o)
                0x00004312                __subsf3
                0x00004314                __addsf3
 .text.avr-libc.fplib
                0x00004320       0xcc c:/program files/atmel/studio/7.0/toolchain/avr8/avr8-gnu-toolchain/bin/../lib/gcc/avr/4.9.2/../../../../avr/lib/avr5\libm.a(addsf3x.o)
                0x00004342                __addsf3x
 .text.avr-libc.fplib
                0x000043ec        0xa c:/program files/atmel/studio/7.0/toolchain/avr8/avr8-gnu-toolchain/bin/../lib/gcc/avr/4.9.2/../../../../avr/lib/avr5\libm.a(cmpsf2.o)
                0x000043ec                __nesf2
                0x000043ec                __eqsf2
                0x000043ec                __cmpsf2
                0x000043ec                __ltsf2
                0x000043ec                __lesf2
 .text.avr-libc.fplib
                0x000043f6       0x48 c:/program files/atmel/studio/7.0/toolchain/avr8/avr8-gnu-toolchain/bin/../lib/gcc/avr/4.9.2/../../../../avr/lib/avr5\libm.a(fp_cmp.o)
                0x000043f6                __fp_cmp
 .text.avr-libc.fplib
                0x0000443e        0xc c:/program files/atmel/studio/7.0/toolchain/avr8/avr8-gnu-toolchain/bin/../lib/gcc/avr/4.9.2/../../../../avr/lib/avr5\libm.a(fp_inf.o)
                0x0000443e                __fp_inf
 .text.avr-libc.fplib
                0x0000444a        0x6 c:/program files/atmel/studio/7.0/toolchain/avr8/avr8-gnu-toolchain/bin/../lib/gcc/avr/4.9.2/../../../../avr/lib/avr5\libm.a(fp_nan.o)
                0x0000444a                __fp_nan
 .text.avr-libc.fplib
                0x00004450        0xe c:/program files/atmel/studio/7.0/toolchain/avr8/avr8-gnu-toolchain/bin/../lib/gcc/avr/4.9.2/../../../../avr/lib/avr5\libm.a(fp_pscA.o)
                0x00004450                __fp_pscA
 .text.avr-libc.fplib
                0x0000445e        0xe c:/program files/atmel/studio/7.0/toolchain/avr8/avr8-gnu-toolchain/bin/../lib/gcc/avr/4.9.2/../../../../avr/lib/avr5\libm.a(fp_pscB.o)
                0x0000445e                __fp_pscB
 .text.avr-libc.fplib
                0x0000446c       0x22 c:/program files/atmel/studio/7.0/toolchain/avr8/avr8-gnu-toolchain/bin/../lib/gcc/avr/4.9.2/../../../../avr/lib/avr5\libm.a(fp_round.o)
                0x0000446c                __fp_round
 .text.avr-libc.fplib
                0x0000448e       0x44 c:/program files/atmel/studio/7.0/toolchain/avr8/avr8-gnu-toolchain/bin/../lib/gcc/avr/4.9.2/../../../../avr/lib/avr5\libm.a(fp_split3.o)
                0x0000448e                __fp_split3
                0x0000449e                __fp_splitA
 .text.avr-libc.fplib
                0x000044d2        0xe c:/program files/atmel/studio/7.0/toolchain/avr8/avr8-gnu-toolchain/bin/../lib/gcc/avr/4.9.2/../../../../avr/lib/avr5\libm.a(fp_zero.o)
                0x000044d2                __fp_zero
                0x000044d4                __fp_szero
 .text.avr-libc.fplib
                0x000044e0        0xa c:/program files/atmel/studio/7.0/toolchain/avr8/avr8-gnu-toolchain/bin/../lib/gcc/avr/4.9.2/../../../../avr/lib/avr5\libm.a(gesf2.o)
                0x000044e0                __gesf2
                0x000044e0                __gtsf2
 .text.libgcc.div
                0x000044ea       0x28 c:/program files/atmel/studio/7.0/toolchain/avr8/avr8-gnu-toolchain/bin/../lib/gcc/avr/4.9.2/avr5\libgcc.a(_divmodhi4.o)
                0x000044ea                _div
                0x000044ea                __divmodhi4
 .text.libgcc.div
                0x00004512       0x28 c:/program files/atmel/studio/7.0/toolchain/avr8/avr8-gnu-toolchain/bin/../lib/gcc/avr/4.9.2/avr5\libgcc.a(_udivmodhi4.o)
                0x00004512                __udivmodhi4
                0x0000453a                . = ALIGN (0x2)
 *(.fini9)
 .fini9         0x0000453a        0x0 c:/program files/atmel/studio/7.0/toolchain/avr8/avr8-gnu-toolchain/bin/../lib/gcc/avr/4.9.2/avr5\libgcc.a(_exit.o)
                0x0000453a                _exit
                0x0000453a                exit
 *(.fini9)
 *(.fini8)
 *(.fini8)
 *(.fini7)
 *(.fini7)
 *(.fini6)
 *(.fini6)
 *(.fini5)
 *(.fini5)
 *(.fini4)
 *(.fini4)
 *(.fini3)
 *(.fini3)
 *(.fini2)
 *(.fini2)
 *(.fini1)
 *(.fini1)
 *(.fini0)
 .fini0         0x0000453a        0x4 c:/program files/atmel/studio/7.0/toolchain/avr8/avr8-gnu-toolchain/bin/../lib/gcc/avr/4.9.2/avr5\libgcc.a(_exit.o)
 *(.fini0)
                0x0000453e                _etext = .

.data           0x00800100       0x62 load address 0x0000453e
                0x00800100                PROVIDE (__data_start, .)
 *(.data)
 *(.data*)
 .data.daysThisMonth
                0x00800100        0x2 EADOGL128.o
                0x00800100                daysThisMonth
 .data.year     0x00800102        0x2 EADOGL128.o
                0x00800102                year
 .data.month    0x00800104        0x2 EADOGL128.o
                0x00800104                month
 .data.day      0x00800106        0x2 EADOGL128.o
                0x00800106                day
 .data.snoozeDuration
                0x00800108        0x2 EADOGL128.o
                0x00800108                snoozeDuration
 .data.hour     0x0080010a        0x2 EADOGL128.o
                0x0080010a                hour
 *(.rodata)
 *(.rodata*)
 .rodata.str1.1
                0x0080010c       0x55 EADOGL128.o
 *(.gnu.linkonce.d*)
                0x00800162                . = ALIGN (0x2)
 *fill*         0x00800161        0x1 
                0x00800162                _edata = .
                0x00800162                PROVIDE (__data_end, .)

.bss            0x00800162      0x47a
                0x00800162                PROVIDE (__bss_start, .)
 *(.bss)
 *(.bss*)
 .bss.light_status
                0x00800162        0x1 EADOGL128.o
                0x00800162                light_status
 .bss.minuteWidth
                0x00800163        0x2 EADOGL128.o
                0x00800163                minuteWidth
 .bss.hourWidth
                0x00800165        0x2 EADOGL128.o
                0x00800165                hourWidth
 .bss.old_selectedItem
                0x00800167        0x2 EADOGL128.o
                0x00800167                old_selectedItem
 .bss.btn_press_duration
                0x00800169        0x4 EADOGL128.o
                0x00800169                btn_press_duration
 .bss.btn_light_pushed
                0x0080016d        0x1 EADOGL128.o
                0x0080016d                btn_light_pushed
 .bss.btn_drehenc_pushed
                0x0080016e        0x1 EADOGL128.o
                0x0080016e                btn_drehenc_pushed
 .bss.rotary    0x0080016f        0x2 EADOGL128.o
                0x0080016f                rotary
 .bss.menuOpen  0x00800171        0x1 EADOGL128.o
                0x00800171                menuOpen
 .bss.alarm     0x00800172        0x1 EADOGL128.o
                0x00800172                alarm
 .bss.timeAdvance
                0x00800173        0x4 EADOGL128.o
                0x00800173                timeAdvance
 .bss.timeUpdate
                0x00800177        0x2 EADOGL128.o
                0x00800177                timeUpdate
 .bss.timeXPos  0x00800179        0x2 EADOGL128.o
                0x00800179                timeXPos
 .bss.snoozeCounter
                0x0080017b        0x1 EADOGL128.o
                0x0080017b                snoozeCounter
 .bss.alarm_minute
                0x0080017c        0x2 EADOGL128.o
                0x0080017c                alarm_minute
 .bss.alarm_hour
                0x0080017e        0x2 EADOGL128.o
                0x0080017e                alarm_hour
 .bss.seconds   0x00800180        0x2 EADOGL128.o
                0x00800180                seconds
 .bss.minute    0x00800182        0x2 EADOGL128.o
                0x00800182                minute
 *(COMMON)
 COMMON         0x00800184      0x458 EADOGL128.o
                0x00800184                hakenSymb
                0x008001a6                herzSymb
                0x008001c6                herzKleinOffenSymb
                0x008001d0                light_sec_off
                0x008001d2                herzKleinSymb
                0x008001dc                pixelMatrix
                0x008005dc                PROVIDE (__bss_end, .)
                0x0000453e                __data_load_start = LOADADDR (.data)
                0x000045a0                __data_load_end = (__data_load_start + SIZEOF (.data))

.noinit         0x008005dc        0x0
                0x008005dc                PROVIDE (__noinit_start, .)
 *(.noinit*)
                0x008005dc                PROVIDE (__noinit_end, .)
                0x008005dc                _end = .
                0x008005dc                PROVIDE (__heap_start, .)

.eeprom         0x00810000        0x0
 *(.eeprom*)
                0x00810000                __eeprom_end = .

.fuse
 *(.fuse)
 *(.lfuse)
 *(.hfuse)
 *(.efuse)

.lock
 *(.lock*)

.signature
 *(.signature*)

.user_signatures
 *(.user_signatures*)

.stab
 *(.stab)

.stabstr
 *(.stabstr)

.stab.excl
 *(.stab.excl)

.stab.exclstr
 *(.stab.exclstr)

.stab.index
 *(.stab.index)

.stab.indexstr
 *(.stab.indexstr)

.comment        0x00000000       0x30
 *(.comment)
 .comment       0x00000000       0x30 EADOGL128.o
                                 0x31 (size before relaxing)

.note.gnu.avr.deviceinfo
                0x00000000       0x40
 .note.gnu.avr.deviceinfo
                0x00000000       0x40 C:/Program Files/Atmel/Studio/7.0/Packs/atmel/ATmega_DFP/1.0.90/gcc/dev/atmega328p/avr5/crtatmega328p.o

.note.gnu.build-id
 *(.note.gnu.build-id)

.debug
 *(.debug)

.line
 *(.line)

.debug_srcinfo
 *(.debug_srcinfo)

.debug_sfnames
 *(.debug_sfnames)

.debug_aranges  0x00000000      0x2b8
 *(.debug_aranges)
 .debug_aranges
                0x00000000      0x2b8 EADOGL128.o

.debug_pubnames
 *(.debug_pubnames)

.debug_info     0x00000000     0x4f0e
 *(.debug_info .gnu.linkonce.wi.*)
 .debug_info    0x00000000     0x4f0e EADOGL128.o

.debug_abbrev   0x00000000      0x4aa
 *(.debug_abbrev)
 .debug_abbrev  0x00000000      0x4aa EADOGL128.o

.debug_line     0x00000000     0x103f
 *(.debug_line .debug_line.* .debug_line_end)
 .debug_line    0x00000000     0x103f EADOGL128.o

.debug_frame    0x00000000      0xcc0
 *(.debug_frame)
 .debug_frame   0x00000000      0xcc0 EADOGL128.o

.debug_str      0x00000000      0x949
 *(.debug_str)
 .debug_str     0x00000000      0x949 EADOGL128.o
                                0xa29 (size before relaxing)

.debug_loc      0x00000000     0x4689
 *(.debug_loc)
 .debug_loc     0x00000000     0x4689 EADOGL128.o

.debug_macinfo
 *(.debug_macinfo)

.debug_weaknames
 *(.debug_weaknames)

.debug_funcnames
 *(.debug_funcnames)

.debug_typenames
 *(.debug_typenames)

.debug_varnames
 *(.debug_varnames)

.debug_pubtypes
 *(.debug_pubtypes)

.debug_ranges   0x00000000      0x438
 *(.debug_ranges)
 .debug_ranges  0x00000000      0x438 EADOGL128.o

.debug_macro
 *(.debug_macro)
OUTPUT(EADOGL128.elf elf32-avr)
LOAD linker stubs
