Archive member included to satisfy reference by file (symbol)

c:/program files/atmel/studio/7.0/toolchain/avr8/avr8-gnu-toolchain/bin/../lib/gcc/avr/4.9.2/../../../../avr/lib/avr5\libm.a(addsf3.o)
                              EADOGL128.o (__addsf3)
c:/program files/atmel/studio/7.0/toolchain/avr8/avr8-gnu-toolchain/bin/../lib/gcc/avr/4.9.2/../../../../avr/lib/avr5\libm.a(addsf3x.o)
                              c:/program files/atmel/studio/7.0/toolchain/avr8/avr8-gnu-toolchain/bin/../lib/gcc/avr/4.9.2/../../../../avr/lib/avr5\libm.a(addsf3.o) (__addsf3x)
c:/program files/atmel/studio/7.0/toolchain/avr8/avr8-gnu-toolchain/bin/../lib/gcc/avr/4.9.2/../../../../avr/lib/avr5\libm.a(cmpsf2.o)
                              EADOGL128.o (__ltsf2)
c:/program files/atmel/studio/7.0/toolchain/avr8/avr8-gnu-toolchain/bin/../lib/gcc/avr/4.9.2/../../../../avr/lib/avr5\libm.a(fp_cmp.o)
                              c:/program files/atmel/studio/7.0/toolchain/avr8/avr8-gnu-toolchain/bin/../lib/gcc/avr/4.9.2/../../../../avr/lib/avr5\libm.a(cmpsf2.o) (__fp_cmp)
c:/program files/atmel/studio/7.0/toolchain/avr8/avr8-gnu-toolchain/bin/../lib/gcc/avr/4.9.2/../../../../avr/lib/avr5\libm.a(fp_inf.o)
                              c:/program files/atmel/studio/7.0/toolchain/avr8/avr8-gnu-toolchain/bin/../lib/gcc/avr/4.9.2/../../../../avr/lib/avr5\libm.a(addsf3x.o) (__fp_inf)
c:/program files/atmel/studio/7.0/toolchain/avr8/avr8-gnu-toolchain/bin/../lib/gcc/avr/4.9.2/../../../../avr/lib/avr5\libm.a(fp_nan.o)
                              c:/program files/atmel/studio/7.0/toolchain/avr8/avr8-gnu-toolchain/bin/../lib/gcc/avr/4.9.2/../../../../avr/lib/avr5\libm.a(addsf3x.o) (__fp_nan)
c:/program files/atmel/studio/7.0/toolchain/avr8/avr8-gnu-toolchain/bin/../lib/gcc/avr/4.9.2/../../../../avr/lib/avr5\libm.a(fp_pscA.o)
                              c:/program files/atmel/studio/7.0/toolchain/avr8/avr8-gnu-toolchain/bin/../lib/gcc/avr/4.9.2/../../../../avr/lib/avr5\libm.a(addsf3x.o) (__fp_pscA)
c:/program files/atmel/studio/7.0/toolchain/avr8/avr8-gnu-toolchain/bin/../lib/gcc/avr/4.9.2/../../../../avr/lib/avr5\libm.a(fp_pscB.o)
                              c:/program files/atmel/studio/7.0/toolchain/avr8/avr8-gnu-toolchain/bin/../lib/gcc/avr/4.9.2/../../../../avr/lib/avr5\libm.a(addsf3x.o) (__fp_pscB)
c:/program files/atmel/studio/7.0/toolchain/avr8/avr8-gnu-toolchain/bin/../lib/gcc/avr/4.9.2/../../../../avr/lib/avr5\libm.a(fp_round.o)
                              c:/program files/atmel/studio/7.0/toolchain/avr8/avr8-gnu-toolchain/bin/../lib/gcc/avr/4.9.2/../../../../avr/lib/avr5\libm.a(addsf3.o) (__fp_round)
c:/program files/atmel/studio/7.0/toolchain/avr8/avr8-gnu-toolchain/bin/../lib/gcc/avr/4.9.2/../../../../avr/lib/avr5\libm.a(fp_split3.o)
                              c:/program files/atmel/studio/7.0/toolchain/avr8/avr8-gnu-toolchain/bin/../lib/gcc/avr/4.9.2/../../../../avr/lib/avr5\libm.a(addsf3x.o) (__fp_split3)
c:/program files/atmel/studio/7.0/toolchain/avr8/avr8-gnu-toolchain/bin/../lib/gcc/avr/4.9.2/../../../../avr/lib/avr5\libm.a(fp_zero.o)
                              c:/program files/atmel/studio/7.0/toolchain/avr8/avr8-gnu-toolchain/bin/../lib/gcc/avr/4.9.2/../../../../avr/lib/avr5\libm.a(addsf3x.o) (__fp_zero)
c:/program files/atmel/studio/7.0/toolchain/avr8/avr8-gnu-toolchain/bin/../lib/gcc/avr/4.9.2/../../../../avr/lib/avr5\libm.a(gesf2.o)
                              EADOGL128.o (__gesf2)
c:/program files/atmel/studio/7.0/toolchain/avr8/avr8-gnu-toolchain/bin/../lib/gcc/avr/4.9.2/avr5\libgcc.a(_divmodhi4.o)
                              EADOGL128.o (__divmodhi4)
c:/program files/atmel/studio/7.0/toolchain/avr8/avr8-gnu-toolchain/bin/../lib/gcc/avr/4.9.2/avr5\libgcc.a(_exit.o)
                              C:/Program Files/Atmel/Studio/7.0/Packs/atmel/ATmega_DFP/1.0.90/gcc/dev/atmega328p/avr5/crtatmega328p.o (exit)
c:/program files/atmel/studio/7.0/toolchain/avr8/avr8-gnu-toolchain/bin/../lib/gcc/avr/4.9.2/avr5\libgcc.a(_tablejump2.o)
                              EADOGL128.o (__tablejump2__)
c:/program files/atmel/studio/7.0/toolchain/avr8/avr8-gnu-toolchain/bin/../lib/gcc/avr/4.9.2/avr5\libgcc.a(_copy_data.o)
                              EADOGL128.o (__do_copy_data)
c:/program files/atmel/studio/7.0/toolchain/avr8/avr8-gnu-toolchain/bin/../lib/gcc/avr/4.9.2/avr5\libgcc.a(_clear_bss.o)
                              EADOGL128.o (__do_clear_bss)
c:/program files/atmel/studio/7.0/toolchain/avr8/avr8-gnu-toolchain/bin/../lib/gcc/avr/4.9.2/avr5\libgcc.a(_udivmodhi4.o)
                              c:/program files/atmel/studio/7.0/toolchain/avr8/avr8-gnu-toolchain/bin/../lib/gcc/avr/4.9.2/avr5\libgcc.a(_divmodhi4.o) (__udivmodhi4)

Allocating common symbols
Common symbol       size              file

hakenSymb           0x22              EADOGL128.o
herzSymb            0x20              EADOGL128.o
herzKleinOffenSymb  0xa               EADOGL128.o
light_sec_off       0x2               EADOGL128.o
herzKleinSymb       0xa               EADOGL128.o
pixelMatrix         0x400             EADOGL128.o

Discarded input sections

 .data          0x00000000        0x0 C:/Program Files/Atmel/Studio/7.0/Packs/atmel/ATmega_DFP/1.0.90/gcc/dev/atmega328p/avr5/crtatmega328p.o
 .bss           0x00000000        0x0 C:/Program Files/Atmel/Studio/7.0/Packs/atmel/ATmega_DFP/1.0.90/gcc/dev/atmega328p/avr5/crtatmega328p.o
 .text          0x00000000        0x0 EADOGL128.o
 .data          0x00000000        0x0 EADOGL128.o
 .bss           0x00000000        0x0 EADOGL128.o
 .text.wait_drehencDone
                0x00000000       0x34 EADOGL128.o
 .text.stop_btnPress
                0x00000000        0x4 EADOGL128.o
 .text.reset_alarmLogo
                0x00000000       0x2c EADOGL128.o
 .text.charArraySize
                0x00000000        0x6 EADOGL128.o
 .bss.test      0x00000000        0x2 EADOGL128.o
 .bss.volumeChange
                0x00000000        0x2 EADOGL128.o
 .data.increment
                0x00000000        0x1 EADOGL128.o
 .bss.alarmXPos
                0x00000000        0x2 EADOGL128.o
 .bss.cnt       0x00000000        0x2 EADOGL128.o
 .text          0x00000000        0x0 c:/program files/atmel/studio/7.0/toolchain/avr8/avr8-gnu-toolchain/bin/../lib/gcc/avr/4.9.2/../../../../avr/lib/avr5\libm.a(addsf3.o)
 .data          0x00000000        0x0 c:/program files/atmel/studio/7.0/toolchain/avr8/avr8-gnu-toolchain/bin/../lib/gcc/avr/4.9.2/../../../../avr/lib/avr5\libm.a(addsf3.o)
 .bss           0x00000000        0x0 c:/program files/atmel/studio/7.0/toolchain/avr8/avr8-gnu-toolchain/bin/../lib/gcc/avr/4.9.2/../../../../avr/lib/avr5\libm.a(addsf3.o)
 .text          0x00000000        0x0 c:/program files/atmel/studio/7.0/toolchain/avr8/avr8-gnu-toolchain/bin/../lib/gcc/avr/4.9.2/../../../../avr/lib/avr5\libm.a(addsf3x.o)
 .data          0x00000000        0x0 c:/program files/atmel/studio/7.0/toolchain/avr8/avr8-gnu-toolchain/bin/../lib/gcc/avr/4.9.2/../../../../avr/lib/avr5\libm.a(addsf3x.o)
 .bss           0x00000000        0x0 c:/program files/atmel/studio/7.0/toolchain/avr8/avr8-gnu-toolchain/bin/../lib/gcc/avr/4.9.2/../../../../avr/lib/avr5\libm.a(addsf3x.o)
 .text          0x00000000        0x0 c:/program files/atmel/studio/7.0/toolchain/avr8/avr8-gnu-toolchain/bin/../lib/gcc/avr/4.9.2/../../../../avr/lib/avr5\libm.a(cmpsf2.o)
 .data          0x00000000        0x0 c:/program files/atmel/studio/7.0/toolchain/avr8/avr8-gnu-toolchain/bin/../lib/gcc/avr/4.9.2/../../../../avr/lib/avr5\libm.a(cmpsf2.o)
 .bss           0x00000000        0x0 c:/program files/atmel/studio/7.0/toolchain/avr8/avr8-gnu-toolchain/bin/../lib/gcc/avr/4.9.2/../../../../avr/lib/avr5\libm.a(cmpsf2.o)
 .text          0x00000000        0x0 c:/program files/atmel/studio/7.0/toolchain/avr8/avr8-gnu-toolchain/bin/../lib/gcc/avr/4.9.2/../../../../avr/lib/avr5\libm.a(fp_cmp.o)
 .data          0x00000000        0x0 c:/program files/atmel/studio/7.0/toolchain/avr8/avr8-gnu-toolchain/bin/../lib/gcc/avr/4.9.2/../../../../avr/lib/avr5\libm.a(fp_cmp.o)
 .bss           0x00000000        0x0 c:/program files/atmel/studio/7.0/toolchain/avr8/avr8-gnu-toolchain/bin/../lib/gcc/avr/4.9.2/../../../../avr/lib/avr5\libm.a(fp_cmp.o)
 .text          0x00000000        0x0 c:/program files/atmel/studio/7.0/toolchain/avr8/avr8-gnu-toolchain/bin/../lib/gcc/avr/4.9.2/../../../../avr/lib/avr5\libm.a(fp_inf.o)
 .data          0x00000000        0x0 c:/program files/atmel/studio/7.0/toolchain/avr8/avr8-gnu-toolchain/bin/../lib/gcc/avr/4.9.2/../../../../avr/lib/avr5\libm.a(fp_inf.o)
 .bss           0x00000000        0x0 c:/program files/atmel/studio/7.0/toolchain/avr8/avr8-gnu-toolchain/bin/../lib/gcc/avr/4.9.2/../../../../avr/lib/avr5\libm.a(fp_inf.o)
 .text          0x00000000        0x0 c:/program files/atmel/studio/7.0/toolchain/avr8/avr8-gnu-toolchain/bin/../lib/gcc/avr/4.9.2/../../../../avr/lib/avr5\libm.a(fp_nan.o)
 .data          0x00000000        0x0 c:/program files/atmel/studio/7.0/toolchain/avr8/avr8-gnu-toolchain/bin/../lib/gcc/avr/4.9.2/../../../../avr/lib/avr5\libm.a(fp_nan.o)
 .bss           0x00000000        0x0 c:/program files/atmel/studio/7.0/toolchain/avr8/avr8-gnu-toolchain/bin/../lib/gcc/avr/4.9.2/../../../../avr/lib/avr5\libm.a(fp_nan.o)
 .text          0x00000000        0x0 c:/program files/atmel/studio/7.0/toolchain/avr8/avr8-gnu-toolchain/bin/../lib/gcc/avr/4.9.2/../../../../avr/lib/avr5\libm.a(fp_pscA.o)
 .data          0x00000000        0x0 c:/program files/atmel/studio/7.0/toolchain/avr8/avr8-gnu-toolchain/bin/../lib/gcc/avr/4.9.2/../../../../avr/lib/avr5\libm.a(fp_pscA.o)
 .bss           0x00000000        0x0 c:/program files/atmel/studio/7.0/toolchain/avr8/avr8-gnu-toolchain/bin/../lib/gcc/avr/4.9.2/../../../../avr/lib/avr5\libm.a(fp_pscA.o)
 .text          0x00000000        0x0 c:/program files/atmel/studio/7.0/toolchain/avr8/avr8-gnu-toolchain/bin/../lib/gcc/avr/4.9.2/../../../../avr/lib/avr5\libm.a(fp_pscB.o)
 .data          0x00000000        0x0 c:/program files/atmel/studio/7.0/toolchain/avr8/avr8-gnu-toolchain/bin/../lib/gcc/avr/4.9.2/../../../../avr/lib/avr5\libm.a(fp_pscB.o)
 .bss           0x00000000        0x0 c:/program files/atmel/studio/7.0/toolchain/avr8/avr8-gnu-toolchain/bin/../lib/gcc/avr/4.9.2/../../../../avr/lib/avr5\libm.a(fp_pscB.o)
 .text          0x00000000        0x0 c:/program files/atmel/studio/7.0/toolchain/avr8/avr8-gnu-toolchain/bin/../lib/gcc/avr/4.9.2/../../../../avr/lib/avr5\libm.a(fp_round.o)
 .data          0x00000000        0x0 c:/program files/atmel/studio/7.0/toolchain/avr8/avr8-gnu-toolchain/bin/../lib/gcc/avr/4.9.2/../../../../avr/lib/avr5\libm.a(fp_round.o)
 .bss           0x00000000        0x0 c:/program files/atmel/studio/7.0/toolchain/avr8/avr8-gnu-toolchain/bin/../lib/gcc/avr/4.9.2/../../../../avr/lib/avr5\libm.a(fp_round.o)
 .text          0x00000000        0x0 c:/program files/atmel/studio/7.0/toolchain/avr8/avr8-gnu-toolchain/bin/../lib/gcc/avr/4.9.2/../../../../avr/lib/avr5\libm.a(fp_split3.o)
 .data          0x00000000        0x0 c:/program files/atmel/studio/7.0/toolchain/avr8/avr8-gnu-toolchain/bin/../lib/gcc/avr/4.9.2/../../../../avr/lib/avr5\libm.a(fp_split3.o)
 .bss           0x00000000        0x0 c:/program files/atmel/studio/7.0/toolchain/avr8/avr8-gnu-toolchain/bin/../lib/gcc/avr/4.9.2/../../../../avr/lib/avr5\libm.a(fp_split3.o)
 .text          0x00000000        0x0 c:/program files/atmel/studio/7.0/toolchain/avr8/avr8-gnu-toolchain/bin/../lib/gcc/avr/4.9.2/../../../../avr/lib/avr5\libm.a(fp_zero.o)
 .data          0x00000000        0x0 c:/program files/atmel/studio/7.0/toolchain/avr8/avr8-gnu-toolchain/bin/../lib/gcc/avr/4.9.2/../../../../avr/lib/avr5\libm.a(fp_zero.o)
 .bss           0x00000000        0x0 c:/program files/atmel/studio/7.0/toolchain/avr8/avr8-gnu-toolchain/bin/../lib/gcc/avr/4.9.2/../../../../avr/lib/avr5\libm.a(fp_zero.o)
 .text          0x00000000        0x0 c:/program files/atmel/studio/7.0/toolchain/avr8/avr8-gnu-toolchain/bin/../lib/gcc/avr/4.9.2/../../../../avr/lib/avr5\libm.a(gesf2.o)
 .data          0x00000000        0x0 c:/program files/atmel/studio/7.0/toolchain/avr8/avr8-gnu-toolchain/bin/../lib/gcc/avr/4.9.2/../../../../avr/lib/avr5\libm.a(gesf2.o)
 .bss           0x00000000        0x0 c:/program files/atmel/studio/7.0/toolchain/avr8/avr8-gnu-toolchain/bin/../lib/gcc/avr/4.9.2/../../../../avr/lib/avr5\libm.a(gesf2.o)
 .text          0x00000000        0x0 c:/program files/atmel/studio/7.0/toolchain/avr8/avr8-gnu-toolchain/bin/../lib/gcc/avr/4.9.2/avr5\libgcc.a(_divmodhi4.o)
 .data          0x00000000        0x0 c:/program files/atmel/studio/7.0/toolchain/avr8/avr8-gnu-toolchain/bin/../lib/gcc/avr/4.9.2/avr5\libgcc.a(_divmodhi4.o)
 .bss           0x00000000        0x0 c:/program files/atmel/studio/7.0/toolchain/avr8/avr8-gnu-toolchain/bin/../lib/gcc/avr/4.9.2/avr5\libgcc.a(_divmodhi4.o)
 .text.libgcc.mul
                0x00000000        0x0 c:/program files/atmel/studio/7.0/toolchain/avr8/avr8-gnu-toolchain/bin/../lib/gcc/avr/4.9.2/avr5\libgcc.a(_divmodhi4.o)
 .text.libgcc   0x00000000        0x0 c:/program files/atmel/studio/7.0/toolchain/avr8/avr8-gnu-toolchain/bin/../lib/gcc/avr/4.9.2/avr5\libgcc.a(_divmodhi4.o)
 .text.libgcc.prologue
                0x00000000        0x0 c:/program files/atmel/studio/7.0/toolchain/avr8/avr8-gnu-toolchain/bin/../lib/gcc/avr/4.9.2/avr5\libgcc.a(_divmodhi4.o)
 .text.libgcc.builtins
                0x00000000        0x0 c:/program files/atmel/studio/7.0/toolchain/avr8/avr8-gnu-toolchain/bin/../lib/gcc/avr/4.9.2/avr5\libgcc.a(_divmodhi4.o)
 .text.libgcc.fmul
                0x00000000        0x0 c:/program files/atmel/studio/7.0/toolchain/avr8/avr8-gnu-toolchain/bin/../lib/gcc/avr/4.9.2/avr5\libgcc.a(_divmodhi4.o)
 .text.libgcc.fixed
                0x00000000        0x0 c:/program files/atmel/studio/7.0/toolchain/avr8/avr8-gnu-toolchain/bin/../lib/gcc/avr/4.9.2/avr5\libgcc.a(_divmodhi4.o)
 .text          0x00000000        0x0 c:/program files/atmel/studio/7.0/toolchain/avr8/avr8-gnu-toolchain/bin/../lib/gcc/avr/4.9.2/avr5\libgcc.a(_exit.o)
 .data          0x00000000        0x0 c:/program files/atmel/studio/7.0/toolchain/avr8/avr8-gnu-toolchain/bin/../lib/gcc/avr/4.9.2/avr5\libgcc.a(_exit.o)
 .bss           0x00000000        0x0 c:/program files/atmel/studio/7.0/toolchain/avr8/avr8-gnu-toolchain/bin/../lib/gcc/avr/4.9.2/avr5\libgcc.a(_exit.o)
 .text.libgcc.mul
                0x00000000        0x0 c:/program files/atmel/studio/7.0/toolchain/avr8/avr8-gnu-toolchain/bin/../lib/gcc/avr/4.9.2/avr5\libgcc.a(_exit.o)
 .text.libgcc.div
                0x00000000        0x0 c:/program files/atmel/studio/7.0/toolchain/avr8/avr8-gnu-toolchain/bin/../lib/gcc/avr/4.9.2/avr5\libgcc.a(_exit.o)
 .text.libgcc   0x00000000        0x0 c:/program files/atmel/studio/7.0/toolchain/avr8/avr8-gnu-toolchain/bin/../lib/gcc/avr/4.9.2/avr5\libgcc.a(_exit.o)
 .text.libgcc.prologue
                0x00000000        0x0 c:/program files/atmel/studio/7.0/toolchain/avr8/avr8-gnu-toolchain/bin/../lib/gcc/avr/4.9.2/avr5\libgcc.a(_exit.o)
 .text.libgcc.builtins
                0x00000000        0x0 c:/program files/atmel/studio/7.0/toolchain/avr8/avr8-gnu-toolchain/bin/../lib/gcc/avr/4.9.2/avr5\libgcc.a(_exit.o)
 .text.libgcc.fmul
                0x00000000        0x0 c:/program files/atmel/studio/7.0/toolchain/avr8/avr8-gnu-toolchain/bin/../lib/gcc/avr/4.9.2/avr5\libgcc.a(_exit.o)
 .text.libgcc.fixed
                0x00000000        0x0 c:/program files/atmel/studio/7.0/toolchain/avr8/avr8-gnu-toolchain/bin/../lib/gcc/avr/4.9.2/avr5\libgcc.a(_exit.o)
 .text          0x00000000        0x0 c:/program files/atmel/studio/7.0/toolchain/avr8/avr8-gnu-toolchain/bin/../lib/gcc/avr/4.9.2/avr5\libgcc.a(_tablejump2.o)
 .data          0x00000000        0x0 c:/program files/atmel/studio/7.0/toolchain/avr8/avr8-gnu-toolchain/bin/../lib/gcc/avr/4.9.2/avr5\libgcc.a(_tablejump2.o)
 .bss           0x00000000        0x0 c:/program files/atmel/studio/7.0/toolchain/avr8/avr8-gnu-toolchain/bin/../lib/gcc/avr/4.9.2/avr5\libgcc.a(_tablejump2.o)
 .text.libgcc.mul
                0x00000000        0x0 c:/program files/atmel/studio/7.0/toolchain/avr8/avr8-gnu-toolchain/bin/../lib/gcc/avr/4.9.2/avr5\libgcc.a(_tablejump2.o)
 .text.libgcc.div
                0x00000000        0x0 c:/program files/atmel/studio/7.0/toolchain/avr8/avr8-gnu-toolchain/bin/../lib/gcc/avr/4.9.2/avr5\libgcc.a(_tablejump2.o)
 .text.libgcc.prologue
                0x00000000        0x0 c:/program files/atmel/studio/7.0/toolchain/avr8/avr8-gnu-toolchain/bin/../lib/gcc/avr/4.9.2/avr5\libgcc.a(_tablejump2.o)
 .text.libgcc.builtins
                0x00000000        0x0 c:/program files/atmel/studio/7.0/toolchain/avr8/avr8-gnu-toolchain/bin/../lib/gcc/avr/4.9.2/avr5\libgcc.a(_tablejump2.o)
 .text.libgcc.fmul
                0x00000000        0x0 c:/program files/atmel/studio/7.0/toolchain/avr8/avr8-gnu-toolchain/bin/../lib/gcc/avr/4.9.2/avr5\libgcc.a(_tablejump2.o)
 .text.libgcc.fixed
                0x00000000        0x0 c:/program files/atmel/studio/7.0/toolchain/avr8/avr8-gnu-toolchain/bin/../lib/gcc/avr/4.9.2/avr5\libgcc.a(_tablejump2.o)
 .text          0x00000000        0x0 c:/program files/atmel/studio/7.0/toolchain/avr8/avr8-gnu-toolchain/bin/../lib/gcc/avr/4.9.2/avr5\libgcc.a(_copy_data.o)
 .data          0x00000000        0x0 c:/program files/atmel/studio/7.0/toolchain/avr8/avr8-gnu-toolchain/bin/../lib/gcc/avr/4.9.2/avr5\libgcc.a(_copy_data.o)
 .bss           0x00000000        0x0 c:/program files/atmel/studio/7.0/toolchain/avr8/avr8-gnu-toolchain/bin/../lib/gcc/avr/4.9.2/avr5\libgcc.a(_copy_data.o)
 .text.libgcc.mul
                0x00000000        0x0 c:/program files/atmel/studio/7.0/toolchain/avr8/avr8-gnu-toolchain/bin/../lib/gcc/avr/4.9.2/avr5\libgcc.a(_copy_data.o)
 .text.libgcc.div
                0x00000000        0x0 c:/program files/atmel/studio/7.0/toolchain/avr8/avr8-gnu-toolchain/bin/../lib/gcc/avr/4.9.2/avr5\libgcc.a(_copy_data.o)
 .text.libgcc   0x00000000        0x0 c:/program files/atmel/studio/7.0/toolchain/avr8/avr8-gnu-toolchain/bin/../lib/gcc/avr/4.9.2/avr5\libgcc.a(_copy_data.o)
 .text.libgcc.prologue
                0x00000000        0x0 c:/program files/atmel/studio/7.0/toolchain/avr8/avr8-gnu-toolchain/bin/../lib/gcc/avr/4.9.2/avr5\libgcc.a(_copy_data.o)
 .text.libgcc.builtins
                0x00000000        0x0 c:/program files/atmel/studio/7.0/toolchain/avr8/avr8-gnu-toolchain/bin/../lib/gcc/avr/4.9.2/avr5\libgcc.a(_copy_data.o)
 .text.libgcc.fmul
                0x00000000        0x0 c:/program files/atmel/studio/7.0/toolchain/avr8/avr8-gnu-toolchain/bin/../lib/gcc/avr/4.9.2/avr5\libgcc.a(_copy_data.o)
 .text.libgcc.fixed
                0x00000000        0x0 c:/program files/atmel/studio/7.0/toolchain/avr8/avr8-gnu-toolchain/bin/../lib/gcc/avr/4.9.2/avr5\libgcc.a(_copy_data.o)
 .text          0x00000000        0x0 c:/program files/atmel/studio/7.0/toolchain/avr8/avr8-gnu-toolchain/bin/../lib/gcc/avr/4.9.2/avr5\libgcc.a(_clear_bss.o)
 .data          0x00000000        0x0 c:/program files/atmel/studio/7.0/toolchain/avr8/avr8-gnu-toolchain/bin/../lib/gcc/avr/4.9.2/avr5\libgcc.a(_clear_bss.o)
 .bss           0x00000000        0x0 c:/program files/atmel/studio/7.0/toolchain/avr8/avr8-gnu-toolchain/bin/../lib/gcc/avr/4.9.2/avr5\libgcc.a(_clear_bss.o)
 .text.libgcc.mul
                0x00000000        0x0 c:/program files/atmel/studio/7.0/toolchain/avr8/avr8-gnu-toolchain/bin/../lib/gcc/avr/4.9.2/avr5\libgcc.a(_clear_bss.o)
 .text.libgcc.div
                0x00000000        0x0 c:/program files/atmel/studio/7.0/toolchain/avr8/avr8-gnu-toolchain/bin/../lib/gcc/avr/4.9.2/avr5\libgcc.a(_clear_bss.o)
 .text.libgcc   0x00000000        0x0 c:/program files/atmel/studio/7.0/toolchain/avr8/avr8-gnu-toolchain/bin/../lib/gcc/avr/4.9.2/avr5\libgcc.a(_clear_bss.o)
 .text.libgcc.prologue
                0x00000000        0x0 c:/program files/atmel/studio/7.0/toolchain/avr8/avr8-gnu-toolchain/bin/../lib/gcc/avr/4.9.2/avr5\libgcc.a(_clear_bss.o)
 .text.libgcc.builtins
                0x00000000        0x0 c:/program files/atmel/studio/7.0/toolchain/avr8/avr8-gnu-toolchain/bin/../lib/gcc/avr/4.9.2/avr5\libgcc.a(_clear_bss.o)
 .text.libgcc.fmul
                0x00000000        0x0 c:/program files/atmel/studio/7.0/toolchain/avr8/avr8-gnu-toolchain/bin/../lib/gcc/avr/4.9.2/avr5\libgcc.a(_clear_bss.o)
 .text.libgcc.fixed
                0x00000000        0x0 c:/program files/atmel/studio/7.0/toolchain/avr8/avr8-gnu-toolchain/bin/../lib/gcc/avr/4.9.2/avr5\libgcc.a(_clear_bss.o)
 .text          0x00000000        0x0 c:/program files/atmel/studio/7.0/toolchain/avr8/avr8-gnu-toolchain/bin/../lib/gcc/avr/4.9.2/avr5\libgcc.a(_udivmodhi4.o)
 .data          0x00000000        0x0 c:/program files/atmel/studio/7.0/toolchain/avr8/avr8-gnu-toolchain/bin/../lib/gcc/avr/4.9.2/avr5\libgcc.a(_udivmodhi4.o)
 .bss           0x00000000        0x0 c:/program files/atmel/studio/7.0/toolchain/avr8/avr8-gnu-toolchain/bin/../lib/gcc/avr/4.9.2/avr5\libgcc.a(_udivmodhi4.o)
 .text.libgcc.mul
                0x00000000        0x0 c:/program files/atmel/studio/7.0/toolchain/avr8/avr8-gnu-toolchain/bin/../lib/gcc/avr/4.9.2/avr5\libgcc.a(_udivmodhi4.o)
 .text.libgcc   0x00000000        0x0 c:/program files/atmel/studio/7.0/toolchain/avr8/avr8-gnu-toolchain/bin/../lib/gcc/avr/4.9.2/avr5\libgcc.a(_udivmodhi4.o)
 .text.libgcc.prologue
                0x00000000        0x0 c:/program files/atmel/studio/7.0/toolchain/avr8/avr8-gnu-toolchain/bin/../lib/gcc/avr/4.9.2/avr5\libgcc.a(_udivmodhi4.o)
 .text.libgcc.builtins
                0x00000000        0x0 c:/program files/atmel/studio/7.0/toolchain/avr8/avr8-gnu-toolchain/bin/../lib/gcc/avr/4.9.2/avr5\libgcc.a(_udivmodhi4.o)
 .text.libgcc.fmul
                0x00000000        0x0 c:/program files/atmel/studio/7.0/toolchain/avr8/avr8-gnu-toolchain/bin/../lib/gcc/avr/4.9.2/avr5\libgcc.a(_udivmodhi4.o)
 .text.libgcc.fixed
                0x00000000        0x0 c:/program files/atmel/studio/7.0/toolchain/avr8/avr8-gnu-toolchain/bin/../lib/gcc/avr/4.9.2/avr5\libgcc.a(_udivmodhi4.o)

Memory Configuration

Name             Origin             Length             Attributes
text             0x00000000         0x00020000         xr
data             0x00800060         0x0000ffa0         rw !x
eeprom           0x00810000         0x00010000         rw !x
fuse             0x00820000         0x00000400         rw !x
lock             0x00830000         0x00000400         rw !x
signature        0x00840000         0x00000400         rw !x
user_signatures  0x00850000         0x00000400         rw !x
*default*        0x00000000         0xffffffff

Linker script and memory map

Address of section .data set to 0x800100
LOAD C:/Program Files/Atmel/Studio/7.0/Packs/atmel/ATmega_DFP/1.0.90/gcc/dev/atmega328p/avr5/crtatmega328p.o
LOAD EADOGL128.o
START GROUP
LOAD c:/program files/atmel/studio/7.0/toolchain/avr8/avr8-gnu-toolchain/bin/../lib/gcc/avr/4.9.2/../../../../avr/lib/avr5\libm.a
END GROUP
START GROUP
LOAD c:/program files/atmel/studio/7.0/toolchain/avr8/avr8-gnu-toolchain/bin/../lib/gcc/avr/4.9.2/avr5\libgcc.a
LOAD c:/program files/atmel/studio/7.0/toolchain/avr8/avr8-gnu-toolchain/bin/../lib/gcc/avr/4.9.2/../../../../avr/lib/avr5\libm.a
LOAD c:/program files/atmel/studio/7.0/toolchain/avr8/avr8-gnu-toolchain/bin/../lib/gcc/avr/4.9.2/../../../../avr/lib/avr5\libc.a
LOAD C:/Program Files/Atmel/Studio/7.0/Packs/atmel/ATmega_DFP/1.0.90/gcc/dev/atmega328p/avr5\libatmega328p.a
END GROUP

.hash
 *(.hash)

.dynsym
 *(.dynsym)

.dynstr
 *(.dynstr)

.gnu.version
 *(.gnu.version)

.gnu.version_d
 *(.gnu.version_d)

.gnu.version_r
 *(.gnu.version_r)

.rel.init
 *(.rel.init)

.rela.init
 *(.rela.init)

.rel.text
 *(.rel.text)
 *(.rel.text.*)
 *(.rel.gnu.linkonce.t*)

.rela.text
 *(.rela.text)
 *(.rela.text.*)
 *(.rela.gnu.linkonce.t*)

.rel.fini
 *(.rel.fini)

.rela.fini
 *(.rela.fini)

.rel.rodata
 *(.rel.rodata)
 *(.rel.rodata.*)
 *(.rel.gnu.linkonce.r*)

.rela.rodata
 *(.rela.rodata)
 *(.rela.rodata.*)
 *(.rela.gnu.linkonce.r*)

.rel.data
 *(.rel.data)
 *(.rel.data.*)
 *(.rel.gnu.linkonce.d*)

.rela.data
 *(.rela.data)
 *(.rela.data.*)
 *(.rela.gnu.linkonce.d*)

.rel.ctors
 *(.rel.ctors)

.rela.ctors
 *(.rela.ctors)

.rel.dtors
 *(.rel.dtors)

.rela.dtors
 *(.rela.dtors)

.rel.got
 *(.rel.got)

.rela.got
 *(.rela.got)

.rel.bss
 *(.rel.bss)

.rela.bss
 *(.rela.bss)

.rel.plt
 *(.rel.plt)

.rela.plt
 *(.rela.plt)

.text           0x00000000     0x43ee
 *(.vectors)
 .vectors       0x00000000       0x68 C:/Program Files/Atmel/Studio/7.0/Packs/atmel/ATmega_DFP/1.0.90/gcc/dev/atmega328p/avr5/crtatmega328p.o
                0x00000000                __vector_default
                0x00000000                __vectors
 *(.vectors)
 *(.progmem.gcc*)
 .progmem.gcc_sw_table.push_button
                0x00000068       0x10 EADOGL128.o
 .progmem.gcc_sw_table.release_button
                0x00000078       0x10 EADOGL128.o
                0x00000088                . = ALIGN (0x2)
                0x00000088                __trampolines_start = .
 *(.trampolines)
 .trampolines   0x00000088        0x0 linker stubs
 *(.trampolines*)
                0x00000088                __trampolines_end = .
 *(.progmem*)
 .progmem.data.timeDot
                0x00000088       0x14 EADOGL128.o
                0x00000088                timeDot
 .progmem.data.daysPerMonth
                0x0000009c        0xc EADOGL128.o
                0x0000009c                daysPerMonth
 .progmem.data.months
                0x000000a8       0xd8 EADOGL128.o
                0x000000a8                months
 .progmem.data.alphaWidth
                0x00000180       0x38 EADOGL128.o
                0x00000180                alphaWidth
 .progmem.data.bigNumberWidth
                0x000001b8        0xa EADOGL128.o
                0x000001b8                bigNumberWidth
 .progmem.data.bigNumber
                0x000001c2      0x320 EADOGL128.o
                0x000001c2                bigNumber
 .progmem.data.smallNumberWidth
                0x000004e2        0xa EADOGL128.o
                0x000004e2                smallNumberWidth
 .progmem.data.smallNumber
                0x000004ec       0xc8 EADOGL128.o
                0x000004ec                smallNumber
 .progmem.data.alphabet
                0x000005b4      0x7e0 EADOGL128.o
                0x000005b4                alphabet
 .progmem.data.speaker
                0x00000d94       0x5d EADOGL128.o
                0x00000d94                speaker
 .progmem.data.rose
                0x00000df1       0x5a EADOGL128.o
                0x00000df1                rose
 .progmem.data.herzKleinOffen
                0x00000e4b        0xa EADOGL128.o
                0x00000e4b                herzKleinOffen
 .progmem.data.herzKlein
                0x00000e55        0xa EADOGL128.o
                0x00000e55                herzKlein
 .progmem.data.herz
                0x00000e5f       0x20 EADOGL128.o
                0x00000e5f                herz
 .progmem.data.haken
                0x00000e7f       0x22 EADOGL128.o
                0x00000e7f                haken
 .progmem.data.note
                0x00000ea1       0x12 EADOGL128.o
                0x00000ea1                note
                0x00000eb4                . = ALIGN (0x2)
 *fill*         0x00000eb3        0x1 
 *(.jumptables)
 *(.jumptables*)
 *(.lowtext)
 *(.lowtext*)
                0x00000eb4                __ctors_start = .
 *(.ctors)
                0x00000eb4                __ctors_end = .
                0x00000eb4                __dtors_start = .
 *(.dtors)
                0x00000eb4                __dtors_end = .
 SORT(*)(.ctors)
 SORT(*)(.dtors)
 *(.init0)
 .init0         0x00000eb4        0x0 C:/Program Files/Atmel/Studio/7.0/Packs/atmel/ATmega_DFP/1.0.90/gcc/dev/atmega328p/avr5/crtatmega328p.o
                0x00000eb4                __init
 *(.init0)
 *(.init1)
 *(.init1)
 *(.init2)
 .init2         0x00000eb4        0xc C:/Program Files/Atmel/Studio/7.0/Packs/atmel/ATmega_DFP/1.0.90/gcc/dev/atmega328p/avr5/crtatmega328p.o
 *(.init2)
 *(.init3)
 *(.init3)
 *(.init4)
 .init4         0x00000ec0       0x16 c:/program files/atmel/studio/7.0/toolchain/avr8/avr8-gnu-toolchain/bin/../lib/gcc/avr/4.9.2/avr5\libgcc.a(_copy_data.o)
                0x00000ec0                __do_copy_data
 .init4         0x00000ed6       0x10 c:/program files/atmel/studio/7.0/toolchain/avr8/avr8-gnu-toolchain/bin/../lib/gcc/avr/4.9.2/avr5\libgcc.a(_clear_bss.o)
                0x00000ed6                __do_clear_bss
 *(.init4)
 *(.init5)
 *(.init5)
 *(.init6)
 *(.init6)
 *(.init7)
 *(.init7)
 *(.init8)
 *(.init8)
 *(.init9)
 .init9         0x00000ee6        0x8 C:/Program Files/Atmel/Studio/7.0/Packs/atmel/ATmega_DFP/1.0.90/gcc/dev/atmega328p/avr5/crtatmega328p.o
 *(.init9)
 *(.text)
 .text          0x00000eee        0x4 C:/Program Files/Atmel/Studio/7.0/Packs/atmel/ATmega_DFP/1.0.90/gcc/dev/atmega328p/avr5/crtatmega328p.o
                0x00000eee                __vector_22
                0x00000eee                __vector_1
                0x00000eee                __vector_24
                0x00000eee                __vector_12
                0x00000eee                __bad_interrupt
                0x00000eee                __vector_6
                0x00000eee                __vector_23
                0x00000eee                __vector_25
                0x00000eee                __vector_11
                0x00000eee                __vector_13
                0x00000eee                __vector_17
                0x00000eee                __vector_19
                0x00000eee                __vector_7
                0x00000eee                __vector_4
                0x00000eee                __vector_2
                0x00000eee                __vector_21
                0x00000eee                __vector_15
                0x00000eee                __vector_8
                0x00000eee                __vector_14
                0x00000eee                __vector_10
                0x00000eee                __vector_18
                0x00000eee                __vector_20
                0x00000ef2                . = ALIGN (0x2)
 *(.text.*)
 .text.sendCmd  0x00000ef2       0x20 EADOGL128.o
                0x00000ef2                sendCmd
 .text.lcdInit  0x00000f12       0x56 EADOGL128.o
                0x00000f12                lcdInit
 .text.sendData
                0x00000f68        0xa EADOGL128.o
                0x00000f68                sendData
 .text.setColumn
                0x00000f72       0x1a EADOGL128.o
                0x00000f72                setColumn
 .text.setPage  0x00000f8c        0x8 EADOGL128.o
                0x00000f8c                setPage
 .text.clear_LCD
                0x00000f94       0x36 EADOGL128.o
                0x00000f94                clear_LCD
 .text.set_pixel
                0x00000fca       0x46 EADOGL128.o
                0x00000fca                set_pixel
 .text.reset_pixel
                0x00001010       0x48 EADOGL128.o
                0x00001010                reset_pixel
 .text.update_LCD
                0x00001058       0x5e EADOGL128.o
                0x00001058                update_LCD
 .text.print_symbol
                0x000010b6      0x128 EADOGL128.o
                0x000010b6                print_symbol
 .text.print_letter
                0x000011de       0xec EADOGL128.o
                0x000011de                print_letter
 .text.print_smallNumber
                0x000012ca       0xfa EADOGL128.o
                0x000012ca                print_smallNumber
 .text.print_bigNumber
                0x000013c4      0x118 EADOGL128.o
                0x000013c4                print_bigNumber
 .text.push_button
                0x000014dc       0x3a EADOGL128.o
                0x000014dc                push_button
 .text.amp_on   0x00001516       0x1a EADOGL128.o
                0x00001516                amp_on
 .text.mute_off
                0x00001530        0x8 EADOGL128.o
                0x00001530                mute_off
 .text.release_button
                0x00001538       0x3a EADOGL128.o
                0x00001538                release_button
 .text.amp_off  0x00001572        0x8 EADOGL128.o
                0x00001572                amp_off
 .text.mute_on  0x0000157a        0x8 EADOGL128.o
                0x0000157a                mute_on
 .text.boot_amp
                0x00001582       0x20 EADOGL128.o
                0x00001582                boot_amp
 .text.shutdown_amp
                0x000015a2       0x1c EADOGL128.o
                0x000015a2                shutdown_amp
 .text.mp3Player_onoff
                0x000015be       0x32 EADOGL128.o
                0x000015be                mp3Player_onoff
 .text.next_song
                0x000015f0       0x3e EADOGL128.o
                0x000015f0                next_song
 .text.play_pause
                0x0000162e       0x32 EADOGL128.o
                0x0000162e                play_pause
 .text.volume   0x00001660       0x6e EADOGL128.o
                0x00001660                volume
 .text.__vector_3
                0x000016ce       0x66 EADOGL128.o
                0x000016ce                __vector_3
 .text.__vector_5
                0x00001734       0x8c EADOGL128.o
                0x00001734                __vector_5
 .text.__vector_9
                0x000017c0       0xa6 EADOGL128.o
                0x000017c0                __vector_9
 .text.__vector_16
                0x00001866       0x70 EADOGL128.o
                0x00001866                __vector_16
 .text.configureTimerAndInterrupts
                0x000018d6       0x4a EADOGL128.o
                0x000018d6                configureTimerAndInterrupts
 .text.snooze   0x00001920       0x3e EADOGL128.o
                0x00001920                snooze
 .text.remove_menuSelection
                0x0000195e       0x4e EADOGL128.o
                0x0000195e                remove_menuSelection
 .text.print_menuSelection
                0x000019ac       0x6e EADOGL128.o
                0x000019ac                print_menuSelection
 .text.print_ASCIIString
                0x00001a1a       0x80 EADOGL128.o
                0x00001a1a                print_ASCIIString
 .text.clear_pixelMatrix
                0x00001a9a       0x22 EADOGL128.o
                0x00001a9a                clear_pixelMatrix
 .text.start_btnPress
                0x00001abc       0x18 EADOGL128.o
                0x00001abc                start_btnPress
 .text.check_TimeUpdate
                0x00001ad4       0x1c EADOGL128.o
                0x00001ad4                check_TimeUpdate
 .text.print_alarmLogo
                0x00001af0       0x66 EADOGL128.o
                0x00001af0                print_alarmLogo
 .text.print_timeDot
                0x00001b56       0xde EADOGL128.o
                0x00001b56                print_timeDot
 .text.get_timeWidth
                0x00001c34       0x22 EADOGL128.o
                0x00001c34                get_timeWidth
 .text.update_timeXPos
                0x00001c56       0x4a EADOGL128.o
                0x00001c56                update_timeXPos
 .text.print_hour
                0x00001ca0       0x66 EADOGL128.o
                0x00001ca0                print_hour
 .text.print_minute
                0x00001d06       0x82 EADOGL128.o
                0x00001d06                print_minute
 .text.print_time
                0x00001d88       0x58 EADOGL128.o
                0x00001d88                print_time
 .text.get_stringWidth
                0x00001de0       0x3c EADOGL128.o
                0x00001de0                get_stringWidth
 .text.print_month
                0x00001e1c       0xce EADOGL128.o
                0x00001e1c                print_month
 .text.print_day
                0x00001eea       0x6a EADOGL128.o
                0x00001eea                print_day
 .text.get_yearWidth
                0x00001f54       0x48 EADOGL128.o
                0x00001f54                get_yearWidth
 .text.get_yearXPos
                0x00001f9c       0x1c EADOGL128.o
                0x00001f9c                get_yearXPos
 .text.print_year
                0x00001fb8       0xc2 EADOGL128.o
                0x00001fb8                print_year
 .text.get_dayWidth
                0x0000207a       0x4a EADOGL128.o
                0x0000207a                get_dayWidth
 .text.get_monthWidth
                0x000020c4       0x56 EADOGL128.o
                0x000020c4                get_monthWidth
 .text.get_dateWidth
                0x0000211a       0x1a EADOGL128.o
                0x0000211a                get_dateWidth
 .text.get_dateXPos
                0x00002134       0x1c EADOGL128.o
                0x00002134                get_dateXPos
 .text.convertString
                0x00002150       0x90 EADOGL128.o
                0x00002150                convertString
 .text.print_menuItems
                0x000021e0      0x198 EADOGL128.o
                0x000021e0                print_menuItems
 .text.print_date
                0x00002378      0x1e2 EADOGL128.o
                0x00002378                print_date
 .text.print_stdDisplay
                0x0000255a       0x22 EADOGL128.o
                0x0000255a                print_stdDisplay
 .text.check_light
                0x0000257c       0xce EADOGL128.o
                0x0000257c                check_light
 .text.increment_date
                0x0000264a       0xa2 EADOGL128.o
                0x0000264a                increment_date
 .text.update_time
                0x000026ec       0xb0 EADOGL128.o
                0x000026ec                update_time
 .text.goodNight
                0x0000279c       0x72 EADOGL128.o
                0x0000279c                goodNight
 .text.wakeUp_User
                0x0000280e      0x1ac EADOGL128.o
                0x0000280e                wakeUp_User
 .text.get_menuSelection
                0x000029ba       0xa4 EADOGL128.o
                0x000029ba                get_menuSelection
 .text.set_timeParameter
                0x00002a5e      0x1a2 EADOGL128.o
                0x00002a5e                set_timeParameter
 .text.set_time
                0x00002c00      0x424 EADOGL128.o
                0x00002c00                set_time
 .text.set_alarm
                0x00003024        0x8 EADOGL128.o
                0x00003024                set_alarm
 .text.set_day  0x0000302c      0x122 EADOGL128.o
                0x0000302c                set_day
 .text.set_month
                0x0000314e      0x136 EADOGL128.o
                0x0000314e                set_month
 .text.set_year
                0x00003284      0x12e EADOGL128.o
                0x00003284                set_year
 .text.set_date
                0x000033b2      0x40c EADOGL128.o
                0x000033b2                set_date
 .text.set_audio
                0x000037be      0x27e EADOGL128.o
                0x000037be                set_audio
 .text.boombox  0x00003a3c       0xc2 EADOGL128.o
                0x00003a3c                boombox
 .text.printSnoozetime
                0x00003afe       0xf6 EADOGL128.o
                0x00003afe                printSnoozetime
 .text.set_snoozeDuration
                0x00003bf4      0x2be EADOGL128.o
                0x00003bf4                set_snoozeDuration
 .text.show_mainMenu2
                0x00003eb2       0x80 EADOGL128.o
                0x00003eb2                show_mainMenu2
 .text.show_mainMenu
                0x00003f32       0x8c EADOGL128.o
                0x00003f32                show_mainMenu
 .text.main     0x00003fbe      0x1f8 EADOGL128.o
                0x00003fbe                main
 .text.avr-libc.fplib
                0x000041b6        0xe c:/program files/atmel/studio/7.0/toolchain/avr8/avr8-gnu-toolchain/bin/../lib/gcc/avr/4.9.2/../../../../avr/lib/avr5\libm.a(addsf3.o)
                0x000041b6                __subsf3
                0x000041b8                __addsf3
 .text.avr-libc.fplib
                0x000041c4       0xcc c:/program files/atmel/studio/7.0/toolchain/avr8/avr8-gnu-toolchain/bin/../lib/gcc/avr/4.9.2/../../../../avr/lib/avr5\libm.a(addsf3x.o)
                0x000041e6                __addsf3x
 .text.avr-libc.fplib
                0x00004290        0xa c:/program files/atmel/studio/7.0/toolchain/avr8/avr8-gnu-toolchain/bin/../lib/gcc/avr/4.9.2/../../../../avr/lib/avr5\libm.a(cmpsf2.o)
                0x00004290                __nesf2
                0x00004290                __eqsf2
                0x00004290                __cmpsf2
                0x00004290                __ltsf2
                0x00004290                __lesf2
 .text.avr-libc.fplib
                0x0000429a       0x48 c:/program files/atmel/studio/7.0/toolchain/avr8/avr8-gnu-toolchain/bin/../lib/gcc/avr/4.9.2/../../../../avr/lib/avr5\libm.a(fp_cmp.o)
                0x0000429a                __fp_cmp
 .text.avr-libc.fplib
                0x000042e2        0xc c:/program files/atmel/studio/7.0/toolchain/avr8/avr8-gnu-toolchain/bin/../lib/gcc/avr/4.9.2/../../../../avr/lib/avr5\libm.a(fp_inf.o)
                0x000042e2                __fp_inf
 .text.avr-libc.fplib
                0x000042ee        0x6 c:/program files/atmel/studio/7.0/toolchain/avr8/avr8-gnu-toolchain/bin/../lib/gcc/avr/4.9.2/../../../../avr/lib/avr5\libm.a(fp_nan.o)
                0x000042ee                __fp_nan
 .text.avr-libc.fplib
                0x000042f4        0xe c:/program files/atmel/studio/7.0/toolchain/avr8/avr8-gnu-toolchain/bin/../lib/gcc/avr/4.9.2/../../../../avr/lib/avr5\libm.a(fp_pscA.o)
                0x000042f4                __fp_pscA
 .text.avr-libc.fplib
                0x00004302        0xe c:/program files/atmel/studio/7.0/toolchain/avr8/avr8-gnu-toolchain/bin/../lib/gcc/avr/4.9.2/../../../../avr/lib/avr5\libm.a(fp_pscB.o)
                0x00004302                __fp_pscB
 .text.avr-libc.fplib
                0x00004310       0x22 c:/program files/atmel/studio/7.0/toolchain/avr8/avr8-gnu-toolchain/bin/../lib/gcc/avr/4.9.2/../../../../avr/lib/avr5\libm.a(fp_round.o)
                0x00004310                __fp_round
 .text.avr-libc.fplib
                0x00004332       0x44 c:/program files/atmel/studio/7.0/toolchain/avr8/avr8-gnu-toolchain/bin/../lib/gcc/avr/4.9.2/../../../../avr/lib/avr5\libm.a(fp_split3.o)
                0x00004332                __fp_split3
                0x00004342                __fp_splitA
 .text.avr-libc.fplib
                0x00004376        0xe c:/program files/atmel/studio/7.0/toolchain/avr8/avr8-gnu-toolchain/bin/../lib/gcc/avr/4.9.2/../../../../avr/lib/avr5\libm.a(fp_zero.o)
                0x00004376                __fp_zero
                0x00004378                __fp_szero
 .text.avr-libc.fplib
                0x00004384        0xa c:/program files/atmel/studio/7.0/toolchain/avr8/avr8-gnu-toolchain/bin/../lib/gcc/avr/4.9.2/../../../../avr/lib/avr5\libm.a(gesf2.o)
                0x00004384                __gesf2
                0x00004384                __gtsf2
 .text.libgcc.div
                0x0000438e       0x28 c:/program files/atmel/studio/7.0/toolchain/avr8/avr8-gnu-toolchain/bin/../lib/gcc/avr/4.9.2/avr5\libgcc.a(_divmodhi4.o)
                0x0000438e                _div
                0x0000438e                __divmodhi4
 .text.libgcc   0x000043b6        0xc c:/program files/atmel/studio/7.0/toolchain/avr8/avr8-gnu-toolchain/bin/../lib/gcc/avr/4.9.2/avr5\libgcc.a(_tablejump2.o)
                0x000043b6                __tablejump2__
 .text.libgcc.div
                0x000043c2       0x28 c:/program files/atmel/studio/7.0/toolchain/avr8/avr8-gnu-toolchain/bin/../lib/gcc/avr/4.9.2/avr5\libgcc.a(_udivmodhi4.o)
                0x000043c2                __udivmodhi4
                0x000043ea                . = ALIGN (0x2)
 *(.fini9)
 .fini9         0x000043ea        0x0 c:/program files/atmel/studio/7.0/toolchain/avr8/avr8-gnu-toolchain/bin/../lib/gcc/avr/4.9.2/avr5\libgcc.a(_exit.o)
                0x000043ea                _exit
                0x000043ea                exit
 *(.fini9)
 *(.fini8)
 *(.fini8)
 *(.fini7)
 *(.fini7)
 *(.fini6)
 *(.fini6)
 *(.fini5)
 *(.fini5)
 *(.fini4)
 *(.fini4)
 *(.fini3)
 *(.fini3)
 *(.fini2)
 *(.fini2)
 *(.fini1)
 *(.fini1)
 *(.fini0)
 .fini0         0x000043ea        0x4 c:/program files/atmel/studio/7.0/toolchain/avr8/avr8-gnu-toolchain/bin/../lib/gcc/avr/4.9.2/avr5\libgcc.a(_exit.o)
 *(.fini0)
                0x000043ee                _etext = .

.data           0x00800100       0x62 load address 0x000043ee
                0x00800100                PROVIDE (__data_start, .)
 *(.data)
 *(.data*)
 .data.daysThisMonth
                0x00800100        0x2 EADOGL128.o
                0x00800100                daysThisMonth
 .data.year     0x00800102        0x2 EADOGL128.o
                0x00800102                year
 .data.month    0x00800104        0x2 EADOGL128.o
                0x00800104                month
 .data.day      0x00800106        0x2 EADOGL128.o
                0x00800106                day
 .data.snoozeCounter
                0x00800108        0x1 EADOGL128.o
                0x00800108                snoozeCounter
 .data.snoozeDuration
                0x00800109        0x2 EADOGL128.o
                0x00800109                snoozeDuration
 .data.hour     0x0080010b        0x2 EADOGL128.o
                0x0080010b                hour
 *(.rodata)
 *(.rodata*)
 .rodata.str1.1
                0x0080010d       0x55 EADOGL128.o
 *(.gnu.linkonce.d*)
                0x00800162                . = ALIGN (0x2)
                0x00800162                _edata = .
                0x00800162                PROVIDE (__data_end, .)

.bss            0x00800162      0x479
                0x00800162                PROVIDE (__bss_start, .)
 *(.bss)
 *(.bss*)
 .bss.light_status
                0x00800162        0x1 EADOGL128.o
                0x00800162                light_status
 .bss.minuteWidth
                0x00800163        0x2 EADOGL128.o
                0x00800163                minuteWidth
 .bss.hourWidth
                0x00800165        0x2 EADOGL128.o
                0x00800165                hourWidth
 .bss.old_selectedItem
                0x00800167        0x2 EADOGL128.o
                0x00800167                old_selectedItem
 .bss.btn_press_duration
                0x00800169        0x4 EADOGL128.o
                0x00800169                btn_press_duration
 .bss.btn_light_pushed
                0x0080016d        0x1 EADOGL128.o
                0x0080016d                btn_light_pushed
 .bss.btn_drehenc_pushed
                0x0080016e        0x1 EADOGL128.o
                0x0080016e                btn_drehenc_pushed
 .bss.rotary    0x0080016f        0x2 EADOGL128.o
                0x0080016f                rotary
 .bss.menuOpen  0x00800171        0x1 EADOGL128.o
                0x00800171                menuOpen
 .bss.alarm     0x00800172        0x1 EADOGL128.o
                0x00800172                alarm
 .bss.timeAdvance
                0x00800173        0x4 EADOGL128.o
                0x00800173                timeAdvance
 .bss.timeUpdate
                0x00800177        0x2 EADOGL128.o
                0x00800177                timeUpdate
 .bss.timeXPos  0x00800179        0x2 EADOGL128.o
                0x00800179                timeXPos
 .bss.alarm_minute
                0x0080017b        0x2 EADOGL128.o
                0x0080017b                alarm_minute
 .bss.alarm_hour
                0x0080017d        0x2 EADOGL128.o
                0x0080017d                alarm_hour
 .bss.seconds   0x0080017f        0x2 EADOGL128.o
                0x0080017f                seconds
 .bss.minute    0x00800181        0x2 EADOGL128.o
                0x00800181                minute
 *(COMMON)
 COMMON         0x00800183      0x458 EADOGL128.o
                0x00800183                hakenSymb
                0x008001a5                herzSymb
                0x008001c5                herzKleinOffenSymb
                0x008001cf                light_sec_off
                0x008001d1                herzKleinSymb
                0x008001db                pixelMatrix
                0x008005db                PROVIDE (__bss_end, .)
                0x000043ee                __data_load_start = LOADADDR (.data)
                0x00004450                __data_load_end = (__data_load_start + SIZEOF (.data))

.noinit         0x008005db        0x0
                0x008005db                PROVIDE (__noinit_start, .)
 *(.noinit*)
                0x008005db                PROVIDE (__noinit_end, .)
                0x008005db                _end = .
                0x008005db                PROVIDE (__heap_start, .)

.eeprom         0x00810000        0x0
 *(.eeprom*)
                0x00810000                __eeprom_end = .

.fuse
 *(.fuse)
 *(.lfuse)
 *(.hfuse)
 *(.efuse)

.lock
 *(.lock*)

.signature
 *(.signature*)

.user_signatures
 *(.user_signatures*)

.stab
 *(.stab)

.stabstr
 *(.stabstr)

.stab.excl
 *(.stab.excl)

.stab.exclstr
 *(.stab.exclstr)

.stab.index
 *(.stab.index)

.stab.indexstr
 *(.stab.indexstr)

.comment        0x00000000       0x30
 *(.comment)
 .comment       0x00000000       0x30 EADOGL128.o
                                 0x31 (size before relaxing)

.note.gnu.avr.deviceinfo
                0x00000000       0x40
 .note.gnu.avr.deviceinfo
                0x00000000       0x40 C:/Program Files/Atmel/Studio/7.0/Packs/atmel/ATmega_DFP/1.0.90/gcc/dev/atmega328p/avr5/crtatmega328p.o

.note.gnu.build-id
 *(.note.gnu.build-id)

.debug
 *(.debug)

.line
 *(.line)

.debug_srcinfo
 *(.debug_srcinfo)

.debug_sfnames
 *(.debug_sfnames)

.debug_aranges  0x00000000      0x2a8
 *(.debug_aranges)
 .debug_aranges
                0x00000000      0x2a8 EADOGL128.o

.debug_pubnames
 *(.debug_pubnames)

.debug_info     0x00000000     0x4d7a
 *(.debug_info .gnu.linkonce.wi.*)
 .debug_info    0x00000000     0x4d7a EADOGL128.o

.debug_abbrev   0x00000000      0x4c8
 *(.debug_abbrev)
 .debug_abbrev  0x00000000      0x4c8 EADOGL128.o

.debug_line     0x00000000      0xfcb
 *(.debug_line .debug_line.* .debug_line_end)
 .debug_line    0x00000000      0xfcb EADOGL128.o

.debug_frame    0x00000000      0xc5c
 *(.debug_frame)
 .debug_frame   0x00000000      0xc5c EADOGL128.o

.debug_str      0x00000000      0x913
 *(.debug_str)
 .debug_str     0x00000000      0x913 EADOGL128.o
                                0x9fa (size before relaxing)

.debug_loc      0x00000000     0x44ff
 *(.debug_loc)
 .debug_loc     0x00000000     0x44ff EADOGL128.o

.debug_macinfo
 *(.debug_macinfo)

.debug_weaknames
 *(.debug_weaknames)

.debug_funcnames
 *(.debug_funcnames)

.debug_typenames
 *(.debug_typenames)

.debug_varnames
 *(.debug_varnames)

.debug_pubtypes
 *(.debug_pubtypes)

.debug_ranges   0x00000000      0x408
 *(.debug_ranges)
 .debug_ranges  0x00000000      0x408 EADOGL128.o

.debug_macro
 *(.debug_macro)
OUTPUT(EADOGL128.elf elf32-avr)
LOAD linker stubs
